Microchip MPLAB XC8 Compiler V1.34 ()

Linker command line:

-W-9 --edf=C:\Program Files (x86)\Microchip\xc8\v1.34\dat\en_msgs.txt -cs \
  -h+dist/default/production\Display.X.production.sym \
  --cmf=dist/default/production\Display.X.production.cmf -z -Q16F877A \
  -oC:\Users\Gustavo\AppData\Local\Temp\s228.6 \
  -Mdist/default/production/Display.X.production.map -E1 -ver=XC8 \
  -ASTACK=0110h-016fh -pstack=STACK -ACODE=00h-07FFhx4 -ASTRCODE=00h-01FFFh \
  -ASTRING=00h-0FFhx32 -ACONST=00h-0FFhx32 -AENTRY=00h-0FFhx32 \
  -ACOMMON=070h-07Fh -ABANK0=020h-06Fh -ABANK1=0A0h-0EFh \
  -ABANK2=0110h-016Fh -ABANK3=0190h-01EFh \
  -ARAM=020h-06Fh,0A0h-0EFh,0110h-016Fh,0190h-01EFh \
  -AABS1=020h-07Fh,0A0h-0EFh,0110h-016Fh,0190h-01EFh -ASFR0=00h-01Fh \
  -ASFR1=080h-09Fh -ASFR2=0100h-010Fh -ASFR3=0180h-018Fh \
  -preset_vec=00h,intentry=04h,init,end_init -ppowerup=CODE -pcinit=CODE \
  -pfunctab=CODE -ACONFIG=02007h-02007h -pconfig=CONFIG -DCONFIG=2 \
  -AIDLOC=02000h-02003h -pidloc=IDLOC -DIDLOC=2 -AEEDATA=00h-0FFh/02100h \
  -peeprom_data=EEDATA -DEEDATA=2 -DCODE=2 -DSTRCODE=2 -DSTRING=2 -DCONST=2 \
  -DENTRY=2 -k C:\Users\Gustavo\AppData\Local\Temp\s228.obj \
  dist/default/production\Display.X.production.obj 

Object code version is 3.11

Machine type is 16F877A



                Name                               Link     Load   Length Selector   Space Scale
C:\Users\Gustavo\AppData\Local\Temp\s228.obj
                end_init                             12       12        3        8       0
                reset_vec                             0        0        3        0       0
                config                             2007     2007        1     400E       0
dist/default/production\Display.X.production.obj
                cinit                                15       15       34        8       0
                intentry                              4        4        E        8       0
                text17                              357      357       6C        8       0
                text16                              1A1      1A1       B8        8       0
                text15                              259      259       8E        8       0
                text14                              651      651       14        8       0
                text13                              3C3      3C3       68        8       0
                text12                              522      522       42        8       0
                text11                              63D      63D       14        8       0
                text10                              4D8      4D8       4A        8       0
                text9                               59F      59F       38        8       0
                text8                               628      628       15        8       0
                text7                               564      564       3B        8       0
                text6                               2E7      2E7       70        8       0
                text5                               42B      42B       59        8       0
                text4                               5D7      5D7       23        8       0
                text3                               5FA      5FA       18        8       0
                text2                               612      612       16        8       0
                text1                               484      484       54        8       0
                maintext                             49       49      158        8       0
                cstackBANK0                          20       20       23       20       1
                cstackCOMMON                         70       70        C       70       1
                cstackBANK1                          A0       A0       23       A0       1
                bssBANK1                             C3       C3        8       A0       1
                dataBANK0                            49       49        5       20       1
                bssBANK0                             43       43        6       20       1
                bssCOMMON                            7C       7C        2       70       1
                idataBANK0                          665      665        5        8       0

TOTAL           Name                               Link     Load   Length     Space
        CLASS   STACK          

        CLASS   CODE           
                end_init                             12       12        3         0
                cinit                                15       15       34         0
                intentry                              4        4        E         0
                reset_vec                             0        0        3         0
                text17                              357      357       6C         0
                text16                              1A1      1A1       B8         0
                text15                              259      259       8E         0
                text14                              651      651       14         0
                text13                              3C3      3C3       68         0
                text12                              522      522       42         0
                text11                              63D      63D       14         0
                text10                              4D8      4D8       4A         0
                text9                               59F      59F       38         0
                text8                               628      628       15         0
                text7                               564      564       3B         0
                text6                               2E7      2E7       70         0
                text5                               42B      42B       59         0
                text4                               5D7      5D7       23         0
                text3                               5FA      5FA       18         0
                text2                               612      612       16         0
                text1                               484      484       54         0
                maintext                             49       49      158         0
                idataBANK0                          665      665        5         0

        CLASS   STRCODE        

        CLASS   STRING         

        CLASS   CONST          

        CLASS   ENTRY          

        CLASS   COMMON         
                cstackCOMMON                         70       70        C         1
                bssCOMMON                            7C       7C        2         1

        CLASS   BANK0          
                cstackBANK0                          20       20       23         1
                dataBANK0                            49       49        5         1
                bssBANK0                             43       43        6         1

        CLASS   BANK1          
                cstackBANK1                          A0       A0       23         1
                bssBANK1                             C3       C3        8         1

        CLASS   BANK2          

        CLASS   BANK3          

        CLASS   RAM            

        CLASS   ABS1           
                abs_s1                               7E       7E        2         1

        CLASS   SFR0           

        CLASS   SFR1           

        CLASS   SFR2           

        CLASS   SFR3           

        CLASS   CONFIG         
                config                             2007     2007        1         0

        CLASS   IDLOC          

        CLASS   EEDATA         



SEGMENTS        Name                           Load    Length   Top    Selector   Space  Class     Delta

                reset_vec                      000000  000003  000003         0       0  CODE        2
                intentry                       000004  000666  00066A         8       0  CODE        2
                cstackBANK0                    000020  00002E  00004E        20       1  BANK0       1
                cstackCOMMON                   000070  00000E  00007E        70       1  COMMON      1
                cstackBANK1                    0000A0  00002B  0000CB        A0       1  BANK1       1
                config                         002007  000001  002008      400E       0  CONFIG      2


UNUSED ADDRESS RANGES

        Name                Unused          Largest block    Delta
        BANK0            004E-006F             22           1
        BANK1            00CB-00EF             25           1
        BANK2            0110-016F             60           1
        BANK3            0190-01EF             60           1
        CODE             0003-0003              1           2
                         066A-1FFF            800
        CONST            0003-0003              1           2
                         066A-1FFF            100
        EEDATA           2100-21FF            100           2
        ENTRY            0003-0003              1           2
                         066A-1FFF            100
        IDLOC            2000-2003              4           2
        RAM              004E-006F             22           1
                         00CB-00EF             25
                         0110-016F             60
                         0190-01EF             60
        SFR0             0000-001F             20           1
        SFR1             0080-009F             20           1
        SFR2             0100-010F             10           1
        SFR3             0180-018F             10           1
        STACK            0110-016F             60           1
        STRCODE          0003-0003              1           2
                         066A-1FFF           1996
        STRING           0003-0003              1           2
                         066A-1FFF            100

                                  Symbol Table

?___ftdiv                        cstackBANK0  0020
?___ftpack                       cstackCOMMON 0070
?___fttol                        cstackBANK0  0030
?___lwdiv                        cstackBANK1  00A0
?___lwmod                        cstackBANK1  00A0
?___lwtoft                       cstackCOMMON 0078
?___wmul                         cstackBANK1  00A0
?_actuador                       cstackBANK1  00B4
?_armar4Digitos                  cstackBANK1  00A6
?_controlLoop                    cstackBANK1  00A0
?_divide10DescartaUnidad         cstackBANK1  00A7
?_waitSetpoint                   cstackBANK1  00B4
_ADCS0                           (abs)        00FE
_ADCS1                           (abs)        00FF
_ADCS2                           (abs)        04FE
_ADFM                            (abs)        04FF
_ADIE                            (abs)        0466
_ADIF                            (abs)        0066
_ADON                            (abs)        00F8
_ADRESH                          (abs)        001E
_ADRESL                          (abs)        009E
_CHS0                            (abs)        00FB
_CHS1                            (abs)        00FC
_CHS2                            (abs)        00FD
_GO_DONE                         (abs)        00FA
_INTCONbits                      (abs)        000B
_ISR                             text13       03C3
_OPTION_REGbits                  (abs)        0081
_PCFG0                           (abs)        04F8
_PCFG1                           (abs)        04F9
_PCFG2                           (abs)        04FA
_PCFG3                           (abs)        04FB
_PORTBbits                       (abs)        0006
_PORTCbits                       (abs)        0007
_TMR0                            (abs)        0001
_TRISB                           (abs)        0086
_TRISC                           (abs)        0087
__CFG_BOREN$OFF                  (abs)        0000
__CFG_CP$OFF                     (abs)        0000
__CFG_CPD$OFF                    (abs)        0000
__CFG_FOSC$XT                    (abs)        0000
__CFG_LVP$OFF                    (abs)        0000
__CFG_PWRTE$ON                   (abs)        0000
__CFG_WDTE$OFF                   (abs)        0000
__CFG_WRT$OFF                    (abs)        0000
__Habs1                          abs1         0000
__Hbank0                         bank0        0000
__Hbank1                         bank1        0000
__Hbank2                         bank2        0000
__Hbank3                         bank3        0000
__HbssBANK0                      bssBANK0     0000
__HbssBANK1                      bssBANK1     0000
__HbssCOMMON                     bssCOMMON    0000
__Hcinit                         cinit        0049
__Hclrtext                       clrtext      0000
__Hcode                          code         0000
__Hcommon                        common       0000
__Hconfig                        config       2008
__HcstackBANK0                   cstackBANK0  0000
__HcstackBANK1                   cstackBANK1  0000
__HcstackCOMMON                  cstackCOMMON 0000
__HdataBANK0                     dataBANK0    0000
__Heeprom_data                   eeprom_data  0000
__Hend_init                      end_init     0015
__Hfunctab                       functab      0000
__HidataBANK0                    idataBANK0   0000
__Hidloc                         idloc        0000
__Hinit                          init         0012
__Hintentry                      intentry     0012
__Hmaintext                      maintext     0000
__Hpowerup                       powerup      0000
__Hram                           ram          0000
__Hreset_vec                     reset_vec    0003
__Hsfr0                          sfr0         0000
__Hsfr1                          sfr1         0000
__Hsfr2                          sfr2         0000
__Hsfr3                          sfr3         0000
__Hspace_0                       (abs)        2008
__Hspace_1                       (abs)        00CB
__Hspace_2                       (abs)        0000
__Hspace_3                       (abs)        0000
__Hstack                         stack        0000
__Hstrings                       strings      0000
__Htext                          text         0000
__Labs1                          abs1         0000
__Lbank0                         bank0        0000
__Lbank1                         bank1        0000
__Lbank2                         bank2        0000
__Lbank3                         bank3        0000
__LbssBANK0                      bssBANK0     0000
__LbssBANK1                      bssBANK1     0000
__LbssCOMMON                     bssCOMMON    0000
__Lcinit                         cinit        0015
__Lclrtext                       clrtext      0000
__Lcode                          code         0000
__Lcommon                        common       0000
__Lconfig                        config       2007
__LcstackBANK0                   cstackBANK0  0000
__LcstackBANK1                   cstackBANK1  0000
__LcstackCOMMON                  cstackCOMMON 0000
__LdataBANK0                     dataBANK0    0000
__Leeprom_data                   eeprom_data  0000
__Lend_init                      end_init     0012
__Lfunctab                       functab      0000
__LidataBANK0                    idataBANK0   0000
__Lidloc                         idloc        0000
__Linit                          init         0012
__Lintentry                      intentry     0004
__Lmaintext                      maintext     0000
__Lpowerup                       powerup      0000
__Lram                           ram          0000
__Lreset_vec                     reset_vec    0000
__Lsfr0                          sfr0         0000
__Lsfr1                          sfr1         0000
__Lsfr2                          sfr2         0000
__Lsfr3                          sfr3         0000
__Lspace_0                       (abs)        0000
__Lspace_1                       (abs)        0000
__Lspace_2                       (abs)        0000
__Lspace_3                       (abs)        0000
__Lstack                         stack        0000
__Lstrings                       strings      0000
__Ltext                          text         0000
__S0                             (abs)        2008
__S1                             (abs)        00CB
__S2                             (abs)        0000
__S3                             (abs)        0000
___ftdiv                         text16       01A1
___ftdiv@cntr                    cstackBANK0  002A
___ftdiv@exp                     cstackBANK0  002E
___ftdiv@f1                      cstackBANK0  0023
___ftdiv@f2                      cstackBANK0  0020
___ftdiv@f3                      cstackBANK0  002B
___ftdiv@sign                    cstackBANK0  002F
___ftpack                        text17       0357
___ftpack@arg                    cstackCOMMON 0070
___ftpack@exp                    cstackCOMMON 0073
___ftpack@sign                   cstackCOMMON 0074
___fttol                         text15       0259
___fttol@exp1                    cstackBANK0  003D
___fttol@f1                      cstackBANK0  0030
___fttol@lval                    cstackBANK0  0039
___fttol@sign1                   cstackBANK0  0038
___int_sp                        stack        0000
___latbits                       (abs)        0002
___lwdiv                         text12       0522
___lwdiv@counter                 cstackBANK1  00A4
___lwdiv@dividend                cstackBANK1  00A2
___lwdiv@divisor                 cstackBANK1  00A0
___lwdiv@quotient                cstackBANK1  00A5
___lwmod                         text9        059F
___lwmod@counter                 cstackBANK1  00A4
___lwmod@dividend                cstackBANK1  00A2
___lwmod@divisor                 cstackBANK1  00A0
___lwtoft                        text14       0651
___lwtoft@c                      cstackCOMMON 0078
___sp                            stack        0000
___wmul                          text4        05D7
___wmul@multiplicand             cstackBANK1  00A2
___wmul@multiplier               cstackBANK1  00A0
___wmul@product                  cstackBANK1  00A4
__end_of_ISR                     text13       042B
__end_of___ftdiv                 text16       0259
__end_of___ftpack                text17       03C3
__end_of___fttol                 text15       02E7
__end_of___lwdiv                 text12       0564
__end_of___lwmod                 text9        05D7
__end_of___lwtoft                text14       0665
__end_of___wmul                  text4        05FA
__end_of__initialization         cinit        0045
__end_of_actuador                text5        0484
__end_of_armar4Digitos           text3        0612
__end_of_controlLoop             text2        0628
__end_of_divide10DescartaUnidad  text11       0651
__end_of_envio8bits              text10       0522
__end_of_main                    maintext     01A1
__end_of_obtieneUnidad           text8        063D
__end_of_sipo_send               text6        0357
__end_of_transformaDecTo7Seg     text7        059F
__end_of_waitSetpoint            text1        04D8
__initialization                 cinit        0015
__pbssBANK0                      bssBANK0     0043
__pbssBANK1                      bssBANK1     00C3
__pbssCOMMON                     bssCOMMON    007C
__pcstackBANK0                   cstackBANK0  0020
__pcstackBANK1                   cstackBANK1  00A0
__pcstackCOMMON                  cstackCOMMON 0070
__pdataBANK0                     dataBANK0    0049
__pidataBANK0                    idataBANK0   0665
__pintentry                      intentry     0004
__pmaintext                      maintext     0049
__ptext1                         text1        0484
__ptext10                        text10       04D8
__ptext11                        text11       063D
__ptext12                        text12       0522
__ptext13                        text13       03C3
__ptext14                        text14       0651
__ptext15                        text15       0259
__ptext16                        text16       01A1
__ptext17                        text17       0357
__ptext2                         text2        0612
__ptext3                         text3        05FA
__ptext4                         text4        05D7
__ptext5                         text5        042B
__ptext6                         text6        02E7
__ptext7                         text7        0564
__ptext8                         text8        0628
__ptext9                         text9        059F
__size_of_ISR                    (abs)        0000
__size_of___ftdiv                (abs)        0000
__size_of___ftpack               (abs)        0000
__size_of___fttol                (abs)        0000
__size_of___lwdiv                (abs)        0000
__size_of___lwmod                (abs)        0000
__size_of___lwtoft               (abs)        0000
__size_of___wmul                 (abs)        0000
__size_of_actuador               (abs)        0000
__size_of_armar4Digitos          (abs)        0000
__size_of_controlLoop            (abs)        0000
__size_of_divide10DescartaUnidad (abs)        0000
__size_of_envio8bits             (abs)        0000
__size_of_main                   (abs)        0000
__size_of_obtieneUnidad          (abs)        0000
__size_of_sipo_send              (abs)        0000
__size_of_transformaDecTo7Seg    (abs)        0000
__size_of_waitSetpoint           (abs)        0000
_actuador                        text5        042B
_armar4Digitos                   text3        05FA
_controlLoop                     text2        0612
_convertToUInt                   bssBANK1     00C3
_cuentaMS                        bssBANK1     00C5
_diferenciaPresion               bssBANK1     00C7
_divide10DescartaUnidad          text11       063D
_envio8bits                      text10       04D8
_estado                          bssCOMMON    007C
_main                            maintext     0049
_obtieneUnidad                   text8        0628
_presionMedida                   bssBANK0     0045
_sipo_send                       text6        02E7
_spnum                           bssBANK1     00C9
_tiempoDeAccion                  bssBANK0     0047
_transformaDecTo7Seg             text7        0564
_waitSetpoint                    text1        0484
actuador@accion                  cstackBANK1  00B4
armar4Digitos@cen                cstackBANK1  00A8
armar4Digitos@mil                cstackBANK1  00A6
btemp                            (abs)        007E
controlLoop@error                cstackBANK1  00A6
controlLoop@presionMedida0       cstackBANK1  00A2
controlLoop@spnum                cstackBANK1  00A0
divide10DescartaUnidad@sendNro   cstackBANK1  00A7
end_of_initialization            cinit        0045
envio8bits@display               cstackBANK1  00A0
envio8bits@i                     cstackBANK1  00A5
envio8bits@x                     cstackBANK1  00A4
interrupt_function               intentry     0004
intlevel0                        functab      0000
intlevel1                        functab      0000
intlevel2                        functab      0000
intlevel3                        functab      0000
intlevel4                        functab      0000
intlevel5                        functab      0000
ltemp                            (abs)        007E
ltemp0                           (abs)        007E
ltemp1                           (abs)        0082
ltemp2                           (abs)        0086
ltemp3                           (abs)        0080
main@min                         cstackBANK1  00BF
main@refresh                     cstackBANK1  00BD
main@seg                         cstackBANK1  00C1
obtieneUnidad@digito             cstackBANK1  00A8
obtieneUnidad@sendNro            cstackBANK1  00A5
reset_vec                        reset_vec    0000
saved_w                          (abs)        007E
sipo_send@digitos                cstackBANK1  00AC
sipo_send@display                cstackBANK1  00AE
sipo_send@i                      cstackBANK1  00B2
sipo_send@sendNro                cstackBANK1  00AA
sipo_send@unidad                 cstackBANK1  00B1
stackhi                          (abs)        0000
stacklo                          (abs)        0000
start                            init         0012
start_initialization             cinit        0015
transformaDecTo7Seg@nro          cstackBANK0  0042
ttemp                            (abs)        007E
ttemp0                           (abs)        007E
ttemp1                           (abs)        0081
ttemp2                           (abs)        0084
ttemp3                           (abs)        0087
ttemp4                           (abs)        007F
waitSetpoint@pedido              cstackBANK1  00B4
waitSetpoint@spnum               cstackBANK1  00B8
wtemp                            (abs)        007E
wtemp0                           (abs)        007E
wtemp1                           (abs)        0080
wtemp2                           (abs)        0082
wtemp3                           (abs)        0084
wtemp4                           (abs)        0086
wtemp5                           (abs)        0088
wtemp6                           (abs)        007F


FUNCTION INFORMATION:

 *************** function _main *****************
 Defined at:
		line 107 in file "main.c"
 Parameters:    Size  Location     Type
		None
 Auto vars:     Size  Location     Type
  refresh         2   29[BANK1 ] int 
  seg             2   33[BANK1 ] unsigned int 
  min             2   31[BANK1 ] unsigned int 
 Return value:  Size  Location     Type
		None               void
 Registers used:
		wreg, fsr0l, fsr0h, status,2, status,0, btemp+1, pclath, cstack
 Tracked objects:
		On entry : 
		On exit  : 
		Unchanged: 
 Data sizes:     COMMON   BANK0   BANK1   BANK3   BANK2
      Params:         0       0       0       0       0
      Locals:         0       0       6       0       0
      Temps:          0       0       3       0       0
      Totals:         0       0       9       0       0
Total ram usage:        9 bytes
 Hardware stack levels required when called:    7
 This function calls:
		_actuador
		_armar4Digitos
		_controlLoop
		_sipo_send
		_waitSetpoint
 This function is called by:
		Startup code after reset
 This function uses a non-reentrant model


 *************** function _waitSetpoint *****************
 Defined at:
		line 131 in file "display.c"
 Parameters:    Size  Location     Type
  pedido          2   20[BANK1 ] unsigned int 
 Auto vars:     Size  Location     Type
  spnum           2   24[BANK1 ] unsigned int 
 Return value:  Size  Location     Type
                  2   20[BANK1 ] unsigned int 
 Registers used:
		wreg, fsr0l, fsr0h, status,2, status,0, pclath, cstack
 Tracked objects:
		On entry : 
		On exit  : 
		Unchanged: 
 Data sizes:     COMMON   BANK0   BANK1   BANK3   BANK2
      Params:         0       0       2       0       0
      Locals:         0       0       2       0       0
      Temps:          0       0       2       0       0
      Totals:         0       0       6       0       0
Total ram usage:        6 bytes
 Hardware stack levels used:    1
 Hardware stack levels required when called:    6
 This function calls:
		_sipo_send
 This function is called by:
		_main
 This function uses a non-reentrant model


 *************** function _controlLoop *****************
 Defined at:
		line 52 in file "main.c"
 Parameters:    Size  Location     Type
  spnum           2    0[BANK1 ] unsigned int 
  presionMedid    2    2[BANK1 ] unsigned int 
 Auto vars:     Size  Location     Type
  error           2    6[BANK1 ] int 
 Return value:  Size  Location     Type
                  2    0[BANK1 ] int 
 Registers used:
		wreg, status,2, status,0
 Tracked objects:
		On entry : 
		On exit  : 
		Unchanged: 
 Data sizes:     COMMON   BANK0   BANK1   BANK3   BANK2
      Params:         0       0       4       0       0
      Locals:         0       0       2       0       0
      Temps:          0       0       2       0       0
      Totals:         0       0       8       0       0
Total ram usage:        8 bytes
 Hardware stack levels used:    1
 Hardware stack levels required when called:    3
 This function calls:
		Nothing
 This function is called by:
		_main
 This function uses a non-reentrant model


 *************** function _armar4Digitos *****************
 Defined at:
		line 28 in file "display.c"
 Parameters:    Size  Location     Type
  mil             2    6[BANK1 ] unsigned int 
  cen             2    8[BANK1 ] unsigned int 
 Auto vars:     Size  Location     Type
		None
 Return value:  Size  Location     Type
                  2    6[BANK1 ] unsigned int 
 Registers used:
		wreg, status,2, status,0, pclath, cstack
 Tracked objects:
		On entry : 
		On exit  : 
		Unchanged: 
 Data sizes:     COMMON   BANK0   BANK1   BANK3   BANK2
      Params:         0       0       4       0       0
      Locals:         0       0       0       0       0
      Temps:          0       0       0       0       0
      Totals:         0       0       4       0       0
Total ram usage:        4 bytes
 Hardware stack levels used:    1
 Hardware stack levels required when called:    4
 This function calls:
		___wmul
 This function is called by:
		_main
 This function uses a non-reentrant model


 *************** function ___wmul *****************
 Defined at:
		line 15 in file "C:\Program Files (x86)\Microchip\xc8\v1.34\sources\common\Umul16.c"
 Parameters:    Size  Location     Type
  multiplier      2    0[BANK1 ] unsigned int 
  multiplicand    2    2[BANK1 ] unsigned int 
 Auto vars:     Size  Location     Type
  product         2    4[BANK1 ] unsigned int 
 Return value:  Size  Location     Type
                  2    0[BANK1 ] unsigned int 
 Registers used:
		wreg, status,2, status,0
 Tracked objects:
		On entry : 
		On exit  : 
		Unchanged: 
 Data sizes:     COMMON   BANK0   BANK1   BANK3   BANK2
      Params:         0       0       4       0       0
      Locals:         0       0       2       0       0
      Temps:          0       0       0       0       0
      Totals:         0       0       6       0       0
Total ram usage:        6 bytes
 Hardware stack levels used:    1
 Hardware stack levels required when called:    3
 This function calls:
		Nothing
 This function is called by:
		_armar4Digitos
 This function uses a non-reentrant model


 *************** function _actuador *****************
 Defined at:
		line 77 in file "main.c"
 Parameters:    Size  Location     Type
  accion          2   20[BANK1 ] int 
 Auto vars:     Size  Location     Type
		None
 Return value:  Size  Location     Type
                  2   20[BANK1 ] unsigned int 
 Registers used:
		wreg, fsr0l, fsr0h, status,2, status,0, btemp+1, pclath, cstack
 Tracked objects:
		On entry : 
		On exit  : 
		Unchanged: 
 Data sizes:     COMMON   BANK0   BANK1   BANK3   BANK2
      Params:         0       0       2       0       0
      Locals:         0       0       0       0       0
      Temps:          0       0       3       0       0
      Totals:         0       0       5       0       0
Total ram usage:        5 bytes
 Hardware stack levels used:    1
 Hardware stack levels required when called:    6
 This function calls:
		_sipo_send
 This function is called by:
		_main
 This function uses a non-reentrant model


 *************** function _sipo_send *****************
 Defined at:
		line 103 in file "display.c"
 Parameters:    Size  Location     Type
  sendNro         2   10[BANK1 ] unsigned int 
  digitos         2   12[BANK1 ] unsigned int 
  display         2   14[BANK1 ] unsigned int 
 Auto vars:     Size  Location     Type
  i               2   18[BANK1 ] unsigned int 
  unidad          1   17[BANK1 ] unsigned char 
 Return value:  Size  Location     Type
		None               void
 Registers used:
		wreg, fsr0l, fsr0h, status,2, status,0, pclath, cstack
 Tracked objects:
		On entry : 
		On exit  : 
		Unchanged: 
 Data sizes:     COMMON   BANK0   BANK1   BANK3   BANK2
      Params:         0       0       6       0       0
      Locals:         0       0       3       0       0
      Temps:          0       0       1       0       0
      Totals:         0       0      10       0       0
Total ram usage:       10 bytes
 Hardware stack levels used:    1
 Hardware stack levels required when called:    5
 This function calls:
		_divide10DescartaUnidad
		_envio8bits
		_obtieneUnidad
		_transformaDecTo7Seg
 This function is called by:
		_actuador
		_main
		_waitSetpoint
 This function uses a non-reentrant model


 *************** function _transformaDecTo7Seg *****************
 Defined at:
		line 76 in file "display.c"
 Parameters:    Size  Location     Type
  nro             1    wreg     unsigned char 
 Auto vars:     Size  Location     Type
  nro             1   34[BANK0 ] unsigned char 
 Return value:  Size  Location     Type
                  1    wreg      unsigned char 
 Registers used:
		wreg, fsr0l, fsr0h, status,2, status,0
 Tracked objects:
		On entry : 
		On exit  : 
		Unchanged: 
 Data sizes:     COMMON   BANK0   BANK1   BANK3   BANK2
      Params:         0       0       0       0       0
      Locals:         0       1       0       0       0
      Temps:          0       0       0       0       0
      Totals:         0       1       0       0       0
Total ram usage:        1 bytes
 Hardware stack levels used:    1
 Hardware stack levels required when called:    3
 This function calls:
		Nothing
 This function is called by:
		_sipo_send
 This function uses a non-reentrant model


 *************** function _obtieneUnidad *****************
 Defined at:
		line 33 in file "display.c"
 Parameters:    Size  Location     Type
  sendNro         2    5[BANK1 ] unsigned int 
 Auto vars:     Size  Location     Type
  digito          1    8[BANK1 ] unsigned char 
 Return value:  Size  Location     Type
                  1    wreg      unsigned char 
 Registers used:
		wreg, status,2, status,0, pclath, cstack
 Tracked objects:
		On entry : 
		On exit  : 
		Unchanged: 
 Data sizes:     COMMON   BANK0   BANK1   BANK3   BANK2
      Params:         0       0       2       0       0
      Locals:         0       0       1       0       0
      Temps:          0       0       1       0       0
      Totals:         0       0       4       0       0
Total ram usage:        4 bytes
 Hardware stack levels used:    1
 Hardware stack levels required when called:    4
 This function calls:
		___lwmod
 This function is called by:
		_sipo_send
 This function uses a non-reentrant model


 *************** function ___lwmod *****************
 Defined at:
		line 6 in file "C:\Program Files (x86)\Microchip\xc8\v1.34\sources\common\lwmod.c"
 Parameters:    Size  Location     Type
  divisor         2    0[BANK1 ] unsigned int 
  dividend        2    2[BANK1 ] unsigned int 
 Auto vars:     Size  Location     Type
  counter         1    4[BANK1 ] unsigned char 
 Return value:  Size  Location     Type
                  2    0[BANK1 ] unsigned int 
 Registers used:
		wreg, status,2, status,0
 Tracked objects:
		On entry : 
		On exit  : 
		Unchanged: 
 Data sizes:     COMMON   BANK0   BANK1   BANK3   BANK2
      Params:         0       0       4       0       0
      Locals:         0       0       1       0       0
      Temps:          0       1       0       0       0
      Totals:         0       1       5       0       0
Total ram usage:        6 bytes
 Hardware stack levels used:    1
 Hardware stack levels required when called:    3
 This function calls:
		Nothing
 This function is called by:
		_obtieneUnidad
 This function uses a non-reentrant model


 *************** function _envio8bits *****************
 Defined at:
		line 44 in file "display.c"
 Parameters:    Size  Location     Type
  x               1    wreg     unsigned char 
  display         2    0[BANK1 ] int 
 Auto vars:     Size  Location     Type
  x               1    4[BANK1 ] unsigned char 
  i               1    5[BANK1 ] unsigned char 
 Return value:  Size  Location     Type
		None               void
 Registers used:
		wreg, status,2, status,0
 Tracked objects:
		On entry : 
		On exit  : 
		Unchanged: 
 Data sizes:     COMMON   BANK0   BANK1   BANK3   BANK2
      Params:         0       0       2       0       0
      Locals:         0       0       2       0       0
      Temps:          0       0       2       0       0
      Totals:         0       0       6       0       0
Total ram usage:        6 bytes
 Hardware stack levels used:    1
 Hardware stack levels required when called:    3
 This function calls:
		Nothing
 This function is called by:
		_sipo_send
 This function uses a non-reentrant model


 *************** function _divide10DescartaUnidad *****************
 Defined at:
		line 39 in file "display.c"
 Parameters:    Size  Location     Type
  sendNro         2    7[BANK1 ] unsigned int 
 Auto vars:     Size  Location     Type
		None
 Return value:  Size  Location     Type
                  2    7[BANK1 ] unsigned int 
 Registers used:
		wreg, status,2, status,0, pclath, cstack
 Tracked objects:
		On entry : 
		On exit  : 
		Unchanged: 
 Data sizes:     COMMON   BANK0   BANK1   BANK3   BANK2
      Params:         0       0       2       0       0
      Locals:         0       0       0       0       0
      Temps:          0       0       0       0       0
      Totals:         0       0       2       0       0
Total ram usage:        2 bytes
 Hardware stack levels used:    1
 Hardware stack levels required when called:    4
 This function calls:
		___lwdiv
 This function is called by:
		_sipo_send
 This function uses a non-reentrant model


 *************** function ___lwdiv *****************
 Defined at:
		line 6 in file "C:\Program Files (x86)\Microchip\xc8\v1.34\sources\common\lwdiv.c"
 Parameters:    Size  Location     Type
  divisor         2    0[BANK1 ] unsigned int 
  dividend        2    2[BANK1 ] unsigned int 
 Auto vars:     Size  Location     Type
  quotient        2    5[BANK1 ] unsigned int 
  counter         1    4[BANK1 ] unsigned char 
 Return value:  Size  Location     Type
                  2    0[BANK1 ] unsigned int 
 Registers used:
		wreg, status,2, status,0
 Tracked objects:
		On entry : 
		On exit  : 
		Unchanged: 
 Data sizes:     COMMON   BANK0   BANK1   BANK3   BANK2
      Params:         0       0       4       0       0
      Locals:         0       0       3       0       0
      Temps:          0       1       0       0       0
      Totals:         0       1       7       0       0
Total ram usage:        8 bytes
 Hardware stack levels used:    1
 Hardware stack levels required when called:    3
 This function calls:
		Nothing
 This function is called by:
		_divide10DescartaUnidad
 This function uses a non-reentrant model


 *************** function _ISR *****************
 Defined at:
		line 58 in file "main.c"
 Parameters:    Size  Location     Type
		None
 Auto vars:     Size  Location     Type
		None
 Return value:  Size  Location     Type
		None               void
 Registers used:
		wreg, status,2, status,0, pclath, cstack
 Tracked objects:
		On entry : 
		On exit  : 
		Unchanged: 
 Data sizes:     COMMON   BANK0   BANK1   BANK3   BANK2
      Params:         0       0       0       0       0
      Locals:         0       0       0       0       0
      Temps:          0       4       0       0       0
      Totals:         0       4       0       0       0
Total ram usage:        4 bytes
 Hardware stack levels used:    1
 Hardware stack levels required when called:    2
 This function calls:
		___ftdiv
		___fttol
		___lwtoft
 This function is called by:
		Interrupt level 1
 This function uses a non-reentrant model


 *************** function ___lwtoft *****************
 Defined at:
		line 28 in file "C:\Program Files (x86)\Microchip\xc8\v1.34\sources\common\lwtoft.c"
 Parameters:    Size  Location     Type
  c               2    8[COMMON] unsigned int 
 Auto vars:     Size  Location     Type
		None
 Return value:  Size  Location     Type
                  3    8[COMMON] float 
 Registers used:
		wreg, status,2, status,0, pclath, cstack
 Tracked objects:
		On entry : 
		On exit  : 
		Unchanged: 
 Data sizes:     COMMON   BANK0   BANK1   BANK3   BANK2
      Params:         3       0       0       0       0
      Locals:         0       0       0       0       0
      Temps:          1       0       0       0       0
      Totals:         4       0       0       0       0
Total ram usage:        4 bytes
 Hardware stack levels used:    1
 Hardware stack levels required when called:    1
 This function calls:
		___ftpack
 This function is called by:
		_ISR
 This function uses a non-reentrant model


 *************** function ___fttol *****************
 Defined at:
		line 44 in file "C:\Program Files (x86)\Microchip\xc8\v1.34\sources\common\fttol.c"
 Parameters:    Size  Location     Type
  f1              3   16[BANK0 ] float 
 Auto vars:     Size  Location     Type
  lval            4   25[BANK0 ] unsigned long 
  exp1            1   29[BANK0 ] unsigned char 
  sign1           1   24[BANK0 ] unsigned char 
 Return value:  Size  Location     Type
                  4   16[BANK0 ] long 
 Registers used:
		wreg, status,2, status,0
 Tracked objects:
		On entry : 
		On exit  : 
		Unchanged: 
 Data sizes:     COMMON   BANK0   BANK1   BANK3   BANK2
      Params:         0       4       0       0       0
      Locals:         0       6       0       0       0
      Temps:          0       4       0       0       0
      Totals:         0      14       0       0       0
Total ram usage:       14 bytes
 Hardware stack levels used:    1
 This function calls:
		Nothing
 This function is called by:
		_ISR
 This function uses a non-reentrant model


 *************** function ___ftdiv *****************
 Defined at:
		line 56 in file "C:\Program Files (x86)\Microchip\xc8\v1.34\sources\common\ftdiv.c"
 Parameters:    Size  Location     Type
  f2              3    0[BANK0 ] float 
  f1              3    3[BANK0 ] float 
 Auto vars:     Size  Location     Type
  f3              3   11[BANK0 ] float 
  sign            1   15[BANK0 ] unsigned char 
  exp             1   14[BANK0 ] unsigned char 
  cntr            1   10[BANK0 ] unsigned char 
 Return value:  Size  Location     Type
                  3    0[BANK0 ] float 
 Registers used:
		wreg, status,2, status,0, pclath, cstack
 Tracked objects:
		On entry : 
		On exit  : 
		Unchanged: 
 Data sizes:     COMMON   BANK0   BANK1   BANK3   BANK2
      Params:         0       6       0       0       0
      Locals:         0       6       0       0       0
      Temps:          0       4       0       0       0
      Totals:         0      16       0       0       0
Total ram usage:       16 bytes
 Hardware stack levels used:    1
 Hardware stack levels required when called:    1
 This function calls:
		___ftpack
 This function is called by:
		_ISR
 This function uses a non-reentrant model


 *************** function ___ftpack *****************
 Defined at:
		line 62 in file "C:\Program Files (x86)\Microchip\xc8\v1.34\sources\common\float.c"
 Parameters:    Size  Location     Type
  arg             3    0[COMMON] unsigned um
  exp             1    3[COMMON] unsigned char 
  sign            1    4[COMMON] unsigned char 
 Auto vars:     Size  Location     Type
		None
 Return value:  Size  Location     Type
                  3    0[COMMON] float 
 Registers used:
		wreg, status,2, status,0
 Tracked objects:
		On entry : 
		On exit  : 
		Unchanged: 
 Data sizes:     COMMON   BANK0   BANK1   BANK3   BANK2
      Params:         5       0       0       0       0
      Locals:         0       0       0       0       0
      Temps:          3       0       0       0       0
      Totals:         8       0       0       0       0
Total ram usage:        8 bytes
 Hardware stack levels used:    1
 This function calls:
		Nothing
 This function is called by:
		___ftdiv
		___lwtoft
 This function uses a non-reentrant model



MODULE INFORMATION

Module		Function		Class		Link	Load	Size
C:\Program Files (x86)\Microchip\xc8\v1.34\sources\common\float.c
		___ftpack      		CODE           	0357	0000	109

C:\Program Files (x86)\Microchip\xc8\v1.34\sources\common\float.c estimated size: 109

C:\Program Files (x86)\Microchip\xc8\v1.34\sources\common\lwmod.c
		___lwmod       		CODE           	059F	0000	57

C:\Program Files (x86)\Microchip\xc8\v1.34\sources\common\lwmod.c estimated size: 57

C:\Program Files (x86)\Microchip\xc8\v1.34\sources\common\lwtoft.c
		___lwtoft      		CODE           	0651	0000	21

C:\Program Files (x86)\Microchip\xc8\v1.34\sources\common\lwtoft.c estimated size: 21

C:\Program Files (x86)\Microchip\xc8\v1.34\sources\common\ftdiv.c
		___ftdiv       		CODE           	01A1	0000	185

C:\Program Files (x86)\Microchip\xc8\v1.34\sources\common\ftdiv.c estimated size: 185

shared
		__initializatio		CODE           	0015	0000	49

shared estimated size: 49

C:\Program Files (x86)\Microchip\xc8\v1.34\sources\common\lwdiv.c
		___lwdiv       		CODE           	0522	0000	67

C:\Program Files (x86)\Microchip\xc8\v1.34\sources\common\lwdiv.c estimated size: 67

display.c
		_armar4Digitos 		CODE           	05FA	0000	25
		_obtieneUnidad 		CODE           	0628	0000	22
		_sipo_send     		CODE           	02E7	0000	113
		_envio8bits    		CODE           	04D8	0000	75
		_divide10Descar		CODE           	063D	0000	21
		_waitSetpoint  		CODE           	0484	0000	85
		_transformaDecT		CODE           	0564	0000	60

display.c estimated size: 401

C:\Program Files (x86)\Microchip\xc8\v1.34\sources\common\fttol.c
		___fttol       		CODE           	0259	0000	143

C:\Program Files (x86)\Microchip\xc8\v1.34\sources\common\fttol.c estimated size: 143

main.c
		_ISR           		CODE           	03C3	0000	105
		_main          		CODE           	0049	0000	345
		_controlLoop   		CODE           	0612	0000	23
		_actuador      		CODE           	042B	0000	90

main.c estimated size: 563

C:\Program Files (x86)\Microchip\xc8\v1.34\sources\common\Umul16.c
		___wmul        		CODE           	05D7	0000	36

C:\Program Files (x86)\Microchip\xc8\v1.34\sources\common\Umul16.c estimated size: 36

