Microchip MPLAB XC8 Compiler V1.21 ()

Linker command line:

--edf=/opt/microchip/xc8/v1.21/dat/en_msgs.txt -cs \
  -h+dist/default/production/Pendulo.X.production.sym \
  --cmf=dist/default/production/Pendulo.X.production.cmf -z -Q18F4550 \
  -o/tmp/cgtzJ41sz -Mdist/default/production/Pendulo.X.production.map -E1 \
  -ver=XC8 -ACODE=00h-07FFFh -ACONST=00h-07FFFh \
  -ASMALLCONST=0800h-08FFhx120 -AMEDIUMCONST=0800h-07FFFh -ACOMRAM=01h-05Fh \
  -AABS1=00h-07FFh -ABIGRAM=01h-07FFh -ARAM=060h-0FFh,0100h-01FFhx7 \
  -ABANK0=060h-0FFh -ABANK1=0100h-01FFh -ABANK2=0200h-02FFh \
  -ABANK3=0300h-03FFh -ABANK4=0400h-04FFh -ABANK5=0500h-05FFh \
  -ABANK6=0600h-06FFh -ABANK7=0700h-07FFh -ASFR=0F60h-0FFFh \
  -preset_vec=00h,intcode,intcodelo=018h,powerup,init,end_init \
  -pramtop=0800h -psmallconst=SMALLCONST -pmediumconst=MEDIUMCONST \
  -pconst=CONST -AFARRAM=00h-00h -ACONFIG=0300000h-030000Dh -pconfig=CONFIG \
  -AIDLOC=0200000h-0200007h -pidloc=IDLOC -AEEDATA=0F00000h-0F000FFh \
  -peeprom_data=EEDATA \
  -prdata=COMRAM,nvrram=COMRAM,nvbit=COMRAM,rbss=COMRAM,rbit=COMRAM \
  -pfarbss=FARRAM,fardata=FARRAM,nvFARRAM=FARRAM \
  -pintsave_regs=BIGRAM,bigbss=BIGRAM,bigdata=BIGRAM -pbss=RAM \
  -pidata=CODE,irdata=CODE,ibigdata=CODE,ifardata=CODE /tmp/cgta3wWMl.obj \
  dist/default/production/Pendulo.X.production.obj 

Object code version is 3.11

Machine type is 18F4550

Call graph: (short form)




                Name                               Link     Load   Length Selector   Space Scale
/tmp/cgta3wWMl.obj
                end_init                            2DA      2DA        4        C       0
                reset_vec                             0        0        4        0       0
                idloc                            200000   200000        8   200000       0
                config                           300000   300000        E   300000       0
dist/default/production/Pendulo.X.production.obj
                intcodelo                            18       18      2C2        C       0
                smallconst                          800      800       70      400       0
                text46                             2EA4     2EA4        A      438       0
                text45                             2E36     2E36       18      438       0
                text44                             2DE2     2DE2       1E      438       0
                text43                             2EBE     2EBE        4      438       0
                text42                             2E4E     2E4E       14      438       0
                text41                             2E74     2E74       12      438       0
                text40                             2D64     2D64       32      438       0
                text39                             2C0E     2C0E       40      438       0
                text37                             2918     2918       80      438       0
                text36                             2CC8     2CC8       36      438       0
                text35                             2E00     2E00       1C      438       0
                text34                             2EBA     2EBA        4      438       0
                text33                             2E1C     2E1C       1A      438       0
                text32                             26E4     26E4       9C      438       0
                text31                             22E2     22E2      10A      438       0
                text30                             150A     150A      2F0      438       0
                text29                             2B1E     2B1E       58      438       0
                text28                             1C3E     1C3E      1AC      438       0
                text27                             1A26     1A26      218      438       0
                text26                             2BC6     2BC6       48      438       0
                text25                             2DC0     2DC0       22      438       0
                text24                             2E86     2E86       10      438       0
                text23                             2C8C     2C8C       3C      438       0
                text22                             2898     2898       80      438       0
                text21                             2D96     2D96       2A      438       0
                text20                             2A64     2A64       60      438       0
                text19                             24C6     24C6       D6      438       0
                text18                             1F50     1F50      150      438       0
                text17                             2998     2998       6A      438       0
                text16                             259C     259C       AA      438       0
                text15                             280E     280E       8A      438       0
                text14                             23EC     23EC       DA      438       0
                text13                             2B76     2B76       50      438       0
                text12                              870      870      7C6      438       0
                text11                             2D32     2D32       32      438       0
                text10                             2C4E     2C4E       3E      438       0
                text9                              1DEA     1DEA      166      438       0
                text8                              2A02     2A02       62      438       0
                text7                              21C8     21C8      11A      438       0
                text6                              2E96     2E96        E      438       0
                text5                              2646     2646       9E      438       0
                text4                              1036     1036      4D4      438       0
                text3                              2AC4     2AC4       5A      438       0
                text2                              2CFE     2CFE       34      438       0
                text1                              20A0     20A0      128      438       0
                text0                              17FA     17FA      22C      438       0
                cstackCOMRAM                          1        1       20        1       1
                cstackBANK0                          60       60       50       60       1
                cstackBANK1                         100      100       3D      100       1
                dataBANK1                           153      153        4      100       1
                bssBANK1                            13D      13D       16      100       1
                dataBANK0                            E1       E1       12       60       1
                bssBANK0                             B0       B0       31       60       1
                dataCOMRAM                           39       39        8        1       1
                bssCOMRAM                            21       21       18        1       1
                cinit                              2780     2780       8E      438       0
                idataBANK1                         2EB6     2EB6        4      438       0
                idataBANK0                         2E62     2E62       12      438       0
                idataCOMRAM                        2EAE     2EAE        8      438       0

TOTAL           Name                               Link     Load   Length     Space
        CLASS   CODE           
                end_init                            2DA      2DA        4         0
                intcodelo                            18       18      2C2         0
                reset_vec                             0        0        4         0
                text46                             2EA4     2EA4        A         0
                text45                             2E36     2E36       18         0
                text44                             2DE2     2DE2       1E         0
                text43                             2EBE     2EBE        4         0
                text42                             2E4E     2E4E       14         0
                text41                             2E74     2E74       12         0
                text40                             2D64     2D64       32         0
                text39                             2C0E     2C0E       40         0
                text37                             2918     2918       80         0
                text36                             2CC8     2CC8       36         0
                text35                             2E00     2E00       1C         0
                text34                             2EBA     2EBA        4         0
                text33                             2E1C     2E1C       1A         0
                text32                             26E4     26E4       9C         0
                text31                             22E2     22E2      10A         0
                text30                             150A     150A      2F0         0
                text29                             2B1E     2B1E       58         0
                text28                             1C3E     1C3E      1AC         0
                text27                             1A26     1A26      218         0
                text26                             2BC6     2BC6       48         0
                text25                             2DC0     2DC0       22         0
                text24                             2E86     2E86       10         0
                text23                             2C8C     2C8C       3C         0
                text22                             2898     2898       80         0
                text21                             2D96     2D96       2A         0
                text20                             2A64     2A64       60         0
                text19                             24C6     24C6       D6         0
                text18                             1F50     1F50      150         0
                text17                             2998     2998       6A         0
                text16                             259C     259C       AA         0
                text15                             280E     280E       8A         0
                text14                             23EC     23EC       DA         0
                text13                             2B76     2B76       50         0
                text12                              870      870      7C6         0
                text11                             2D32     2D32       32         0
                text10                             2C4E     2C4E       3E         0
                text9                              1DEA     1DEA      166         0
                text8                              2A02     2A02       62         0
                text7                              21C8     21C8      11A         0
                text6                              2E96     2E96        E         0
                text5                              2646     2646       9E         0
                text4                              1036     1036      4D4         0
                text3                              2AC4     2AC4       5A         0
                text2                              2CFE     2CFE       34         0
                text1                              20A0     20A0      128         0
                text0                              17FA     17FA      22C         0
                cinit                              2780     2780       8E         0
                idataBANK1                         2EB6     2EB6        4         0
                idataBANK0                         2E62     2E62       12         0
                idataCOMRAM                        2EAE     2EAE        8         0

        CLASS   CONST          

        CLASS   SMALLCONST     
                smallconst                          800      800       70         0

        CLASS   MEDIUMCONST    

        CLASS   COMRAM         
                cstackCOMRAM                          1        1       20         1
                dataCOMRAM                           39       39        8         1
                bssCOMRAM                            21       21       18         1

        CLASS   ABS1           

        CLASS   BIGRAM         

        CLASS   RAM            

        CLASS   BANK0          
                cstackBANK0                          60       60       50         1
                dataBANK0                            E1       E1       12         1
                bssBANK0                             B0       B0       31         1

        CLASS   BANK1          
                cstackBANK1                         100      100       3D         1
                dataBANK1                           153      153        4         1
                bssBANK1                            13D      13D       16         1

        CLASS   BANK2          

        CLASS   BANK3          

        CLASS   BANK4          

        CLASS   BANK5          

        CLASS   BANK6          

        CLASS   BANK7          

        CLASS   SFR            

        CLASS   FARRAM         

        CLASS   CONFIG         
                config                           300000   300000        E         0

        CLASS   IDLOC          
                idloc                            200000   200000        8         0

        CLASS   EEDATA         



SEGMENTS        Name                           Load    Length   Top    Selector   Space  Class

                reset_vec                      000000  000004  000004         0       0  CODE    
                cstackCOMRAM                   000001  000040  000041         1       1  COMRAM  
                intcodelo                      000018  0002C6  0002DE         C       0  CODE    
                cstackBANK0                    000060  000093  0000F3        60       1  BANK0   
                cstackBANK1                    000100  000057  000157       100       1  BANK1   
                smallconst                     000800  000070  000870       400       0  SMALLCON
                text12                         000870  002652  002EC2       438       0  CODE    
                idloc                          200000  000008  200008    200000       0  IDLOC   
                config                         300000  00000E  30000E    300000       0  CONFIG  


UNUSED ADDRESS RANGES

        Name                Unused          Largest block    Delta
        BANK0            0000F3-0000FF                D
        BANK1            000157-0001FF               A9
        BANK2            000200-0002FF              100
        BANK3            000300-0003FF              100
        BANK4            000400-0004FF              100
        BANK5            000500-0005FF              100
        BANK6            000600-0006FF              100
        BANK7            000700-0007FF              100
        BIGRAM           000041-00005F               1F
                         0000F3-0000FF                D
                         000157-0007FF              6A9
        CODE             000004-000017               14
                         0002DE-0007FF              522
                         002EC2-007FFF             513E
        COMRAM           000041-00005F               1F
        CONST            000004-000017               14
                         0002DE-0007FF              522
                         002EC2-007FFF             513E
        EEDATA           F00000-F000FF              100
        MEDIUMCONST      002EC2-007FFF             513E
        RAM              0000F3-0000FF                D
                         000157-0007FF              100
        SFR              000F60-000FFF               A0
        SMALLCONST       002EC2-007FFF              100

                                  Symbol Table

?_OpenADC                               cstackBANK0  000060
?_OpenPWM1                              cstackBANK0  000060
?_OpenTimer1                            cstackBANK0  000060
?_OpenTimer2                            cstackBANK0  000060
?_OpenUSART                             cstackBANK0  000060
?_ReadADC                               cstackCOMRAM 000001
?_SetChanADC                            cstackBANK0  000060
?_SetDCPWM1                             cstackBANK0  000060
?___aldiv                               cstackBANK0  000060
?___lldiv                               cstackBANK0  00006C
?___llmod                               cstackBANK0  000060
?___lmul                                cstackBANK0  000060
?___lwdiv                               cstackBANK0  000060
?___lwmod                               cstackBANK0  000060
?___wmul                                cstackBANK0  000060
?_accionDeControl                       cstackBANK0  00006D
?_atoi                                  cstackBANK0  000066
?_atol                                  cstackBANK0  00006C
?_calcPID                               cstackBANK0  00007A
?_controlador                           cstackBANK1  000100
?_enviarEstadoConsola                   cstackBANK1  000100
?_getADC                                cstackCOMRAM 000003
?_isdigit                               cstackBANK0  000060
?_itoa                                  cstackBANK0  000071
?_labs                                  cstackBANK0  000060
?_ltoa                                  cstackBANK0  000087
?_sendStr                               cstackBANK0  000060
?_setActuador                           cstackBANK0  000068
?_setDUTY                               cstackBANK0  000066
?_ultoa                                 cstackBANK0  00007A
?_utoa                                  cstackBANK0  000068
?i1_SetChanADC                          cstackCOMRAM 000001
LowIsr@caracterRx                       cstackCOMRAM 000020
OpenADC@config                          cstackBANK0  000060
OpenADC@config2                         cstackBANK0  000061
OpenADC@portconfig                      cstackBANK0  000062
OpenPWM1@period                         cstackBANK0  000060
OpenTimer1@config                       cstackBANK0  000060
OpenTimer2@config                       cstackBANK0  000060
OpenUSART@config                        cstackBANK0  000060
OpenUSART@spbrg                         cstackBANK0  000061
ReadUSART@data                          cstackCOMRAM 000001
SetChanADC@channel                      cstackBANK0  000060
SetDCPWM1@DCycle                        cstackBANK0  000064
SetDCPWM1@dutycycle                     cstackBANK0  000060
_ADCON0                                 (abs)        000FC2
_ADCON0bits                             (abs)        000FC2
_ADCON1                                 (abs)        000FC1
_ADCON2                                 (abs)        000FC0
_ADRESH                                 (abs)        000FC4
_ADRESL                                 (abs)        000FC3
_BAUDCONbits                            (abs)        000FB8
_CCP1CON                                (abs)        000FBD
_CCPR1L                                 (abs)        000FBE
_ConfigADC                              text36       002CC8
_ConfigPWM                              text23       002C8C
_ConfigUSART                            text21       002D96
_ConvertADC                             text34       002EBA
_INTCON2bits                            (abs)        000FF1
_INTCONbits                             (abs)        000FF2
_IPR1bits                               (abs)        000F9F
_Kd                                     bssBANK0     0000B0
_Kd2                                    bssBANK0     0000B4
_Ki                                     bssBANK0     0000B8
_Ki2                                    bssBANK0     0000BC
_Kp                                     dataBANK0    0000E1
_Kp2                                    dataBANK0    0000E5
_LowIsr                                 intcodelo    000018
_MessageBuffer                          bssBANK1     00013D
_OpenADC                                text37       002918
_OpenPWM1                               text24       002E86
_OpenTimer1                             text2        002CFE
_OpenTimer2                             text25       002DC0
_OpenUSART                              text22       002898
_PIE1bits                               (abs)        000F9D
_PIR1bits                               (abs)        000F9E
_PORTDbits                              (abs)        000F83
_PR2                                    (abs)        000FCB
_RCONbits                               (abs)        000FD0
_RCREG                                  (abs)        000FAE
_RCSTA                                  (abs)        000FAB
_RCSTAbits                              (abs)        000FAB
_ReadADC                                text46       002EA4
_ReadUSART                              text44       002DE2
_SPBRG                                  (abs)        000FAF
_SPBRGH                                 (abs)        000FB0
_SetChanADC                             text35       002E00
_SetDCPWM1                              text26       002BC6
_T1CON                                  (abs)        000FCD
_T1CONbits                              (abs)        000FCD
_T2CON                                  (abs)        000FCA
_T2CONbits                              (abs)        000FCA
_TMR1H                                  (abs)        000FCF
_TMR1IE                                 (abs)        007CE8
_TMR1L                                  (abs)        000FCE
_TMR2                                   (abs)        000FCC
_TRISA                                  (abs)        000F92
_TRISB                                  (abs)        000F93
_TRISC                                  (abs)        000F94
_TRISCbits                              (abs)        000F94
_TRISD                                  (abs)        000F95
_TXREG                                  (abs)        000FAD
_TXSTA                                  (abs)        000FAC
_TXSTAbits                              (abs)        000FAC
_USART_Status                           bssCOMRAM    000027
__CFG_BOR$OFF                           (abs)        000000
__CFG_BORV$3                            (abs)        000000
__CFG_CCP2MX$ON                         (abs)        000000
__CFG_CP0$OFF                           (abs)        000000
__CFG_CP1$OFF                           (abs)        000000
__CFG_CP2$OFF                           (abs)        000000
__CFG_CP3$OFF                           (abs)        000000
__CFG_CPB$OFF                           (abs)        000000
__CFG_CPD$OFF                           (abs)        000000
__CFG_CPUDIV$OSC1_PLL2                  (abs)        000000
__CFG_EBTR0$OFF                         (abs)        000000
__CFG_EBTR1$OFF                         (abs)        000000
__CFG_EBTR2$OFF                         (abs)        000000
__CFG_EBTR3$OFF                         (abs)        000000
__CFG_EBTRB$OFF                         (abs)        000000
__CFG_FCMEN$OFF                         (abs)        000000
__CFG_FOSC$HS                           (abs)        000000
__CFG_ICPRT$OFF                         (abs)        000000
__CFG_IESO$OFF                          (abs)        000000
__CFG_LPT1OSC$OFF                       (abs)        000000
__CFG_LVP$OFF                           (abs)        000000
__CFG_MCLRE$ON                          (abs)        000000
__CFG_PBADEN$ON                         (abs)        000000
__CFG_PLLDIV$2                          (abs)        000000
__CFG_PWRT$OFF                          (abs)        000000
__CFG_STVREN$ON                         (abs)        000000
__CFG_USBDIV$1                          (abs)        000000
__CFG_VREGEN$OFF                        (abs)        000000
__CFG_WDT$OFF                           (abs)        000000
__CFG_WDTPS$32768                       (abs)        000000
__CFG_WRT0$OFF                          (abs)        000000
__CFG_WRT1$OFF                          (abs)        000000
__CFG_WRT2$OFF                          (abs)        000000
__CFG_WRT3$OFF                          (abs)        000000
__CFG_WRTB$OFF                          (abs)        000000
__CFG_WRTC$OFF                          (abs)        000000
__CFG_WRTD$OFF                          (abs)        000000
__CFG_XINST$OFF                         (abs)        000000
__HRAM                                  (abs)        000000
__Habs1                                 abs1         000000
__Hbank0                                bank0        000000
__Hbank1                                bank1        000000
__Hbank2                                bank2        000000
__Hbank3                                bank3        000000
__Hbank4                                bank4        000000
__Hbank5                                bank5        000000
__Hbank6                                bank6        000000
__Hbank7                                bank7        000000
__Hbigbss                               bigbss       000000
__Hbigdata                              bigdata      000000
__Hbigram                               bigram       000000
__Hbss                                  bss          000000
__HbssBANK0                             bssBANK0     000000
__HbssBANK1                             bssBANK1     000000
__HbssCOMRAM                            bssCOMRAM    000000
__Hcinit                                cinit        000000
__Hclrtext                              clrtext      000000
__Hcomram                               comram       000000
__Hconfig                               config       30000E
__Hconst                                const        000000
__HcstackBANK0                          cstackBANK0  000000
__HcstackBANK1                          cstackBANK1  000000
__HcstackCOMRAM                         cstackCOMRAM 000000
__Hdata                                 data         000000
__HdataBANK0                            dataBANK0    000000
__HdataBANK1                            dataBANK1    000000
__HdataCOMRAM                           dataCOMRAM   000000
__Heeprom_data                          eeprom_data  000000
__Hend_init                             end_init     0002DE
__Hfarbss                               farbss       000000
__Hfardata                              fardata      000000
__Hibigdata                             ibigdata     000000
__Hidata                                idata        000000
__HidataBANK0                           idataBANK0   000000
__HidataBANK1                           idataBANK1   000000
__HidataCOMRAM                          idataCOMRAM  000000
__Hidloc                                idloc        200008
__Hifardata                             ifardata     000000
__Hinit                                 init         0002DA
__Hintcode                              intcode      000004
__Hintcode_body                         intcode_body 000000
__Hintcodelo                            intcodelo    0002DA
__Hintentry                             intentry     000000
__Hintret                               intret       000000
__Hintsave_regs                         intsave_regs 000000
__Hirdata                               irdata       000000
__Hmediumconst                          mediumconst  000000
__HnvFARRAM                             nvFARRAM     000000
__Hnvbit                                nvbit        000000
__Hnvrram                               nvrram       000000
__Hparam                                rparam       000000
__Hpowerup                              powerup      0002DA
__Hram                                  ram          000000
__Hramtop                               ramtop       000800
__Hrbit                                 rbit         000000
__Hrbss                                 rbss         000000
__Hrdata                                rdata        000000
__Hreset_vec                            reset_vec    000004
__Hrparam                               rparam       000000
__Hsfr                                  sfr          000000
__Hsmallconst                           smallconst   000870
__Hstruct                               struct       000000
__Htemp                                 temp         000000
__Htext                                 text         000000
__Htext0                                text0        000000
__Htext1                                text1        000000
__Htext10                               text10       000000
__Htext11                               text11       000000
__Htext12                               text12       000000
__Htext13                               text13       000000
__Htext14                               text14       000000
__Htext15                               text15       000000
__Htext16                               text16       000000
__Htext17                               text17       000000
__Htext18                               text18       000000
__Htext19                               text19       000000
__Htext2                                text2        000000
__Htext20                               text20       000000
__Htext21                               text21       000000
__Htext22                               text22       000000
__Htext23                               text23       000000
__Htext24                               text24       000000
__Htext25                               text25       000000
__Htext26                               text26       000000
__Htext27                               text27       000000
__Htext28                               text28       000000
__Htext29                               text29       000000
__Htext3                                text3        000000
__Htext30                               text30       000000
__Htext31                               text31       000000
__Htext32                               text32       000000
__Htext33                               text33       000000
__Htext34                               text34       000000
__Htext35                               text35       000000
__Htext36                               text36       000000
__Htext37                               text37       000000
__Htext39                               text39       000000
__Htext4                                text4        000000
__Htext40                               text40       000000
__Htext41                               text41       000000
__Htext42                               text42       000000
__Htext43                               text43       000000
__Htext44                               text44       000000
__Htext45                               text45       000000
__Htext46                               text46       000000
__Htext5                                text5        000000
__Htext6                                text6        000000
__Htext7                                text7        000000
__Htext8                                text8        000000
__Htext9                                text9        000000
__LRAM                                  (abs)        000001
__Labs1                                 abs1         000000
__Lbank0                                bank0        000000
__Lbank1                                bank1        000000
__Lbank2                                bank2        000000
__Lbank3                                bank3        000000
__Lbank4                                bank4        000000
__Lbank5                                bank5        000000
__Lbank6                                bank6        000000
__Lbank7                                bank7        000000
__Lbigbss                               bigbss       000000
__Lbigdata                              bigdata      000000
__Lbigram                               bigram       000000
__Lbss                                  bss          000000
__LbssBANK0                             bssBANK0     000000
__LbssBANK1                             bssBANK1     000000
__LbssCOMRAM                            bssCOMRAM    000000
__Lcinit                                cinit        000000
__Lclrtext                              clrtext      000000
__Lcomram                               comram       000000
__Lconfig                               config       300000
__Lconst                                const        000000
__LcstackBANK0                          cstackBANK0  000000
__LcstackBANK1                          cstackBANK1  000000
__LcstackCOMRAM                         cstackCOMRAM 000000
__Ldata                                 data         000000
__LdataBANK0                            dataBANK0    000000
__LdataBANK1                            dataBANK1    000000
__LdataCOMRAM                           dataCOMRAM   000000
__Leeprom_data                          eeprom_data  000000
__Lend_init                             end_init     0002DA
__Lfarbss                               farbss       000000
__Lfardata                              fardata      000000
__Libigdata                             ibigdata     000000
__Lidata                                idata        000000
__LidataBANK0                           idataBANK0   000000
__LidataBANK1                           idataBANK1   000000
__LidataCOMRAM                          idataCOMRAM  000000
__Lidloc                                idloc        200000
__Lifardata                             ifardata     000000
__Linit                                 init         0002DA
__Lintcode                              intcode      000004
__Lintcode_body                         intcode_body 000000
__Lintcodelo                            intcodelo    000018
__Lintentry                             intentry     000000
__Lintret                               intret       000000
__Lintsave_regs                         intsave_regs 000000
__Lirdata                               irdata       000000
__Lmediumconst                          mediumconst  000000
__LnvFARRAM                             nvFARRAM     000000
__Lnvbit                                nvbit        000000
__Lnvrram                               nvrram       000000
__Lparam                                rparam       000000
__Lpowerup                              powerup      0002DA
__Lram                                  ram          000000
__Lramtop                               ramtop       000800
__Lrbit                                 rbit         000000
__Lrbss                                 rbss         000000
__Lrdata                                rdata        000000
__Lreset_vec                            reset_vec    000000
__Lrparam                               rparam       000000
__Lsfr                                  sfr          000000
__Lsmallconst                           smallconst   000800
__Lstruct                               struct       000000
__Ltemp                                 temp         000000
__Ltext                                 text         000000
__Ltext0                                text0        000000
__Ltext1                                text1        000000
__Ltext10                               text10       000000
__Ltext11                               text11       000000
__Ltext12                               text12       000000
__Ltext13                               text13       000000
__Ltext14                               text14       000000
__Ltext15                               text15       000000
__Ltext16                               text16       000000
__Ltext17                               text17       000000
__Ltext18                               text18       000000
__Ltext19                               text19       000000
__Ltext2                                text2        000000
__Ltext20                               text20       000000
__Ltext21                               text21       000000
__Ltext22                               text22       000000
__Ltext23                               text23       000000
__Ltext24                               text24       000000
__Ltext25                               text25       000000
__Ltext26                               text26       000000
__Ltext27                               text27       000000
__Ltext28                               text28       000000
__Ltext29                               text29       000000
__Ltext3                                text3        000000
__Ltext30                               text30       000000
__Ltext31                               text31       000000
__Ltext32                               text32       000000
__Ltext33                               text33       000000
__Ltext34                               text34       000000
__Ltext35                               text35       000000
__Ltext36                               text36       000000
__Ltext37                               text37       000000
__Ltext39                               text39       000000
__Ltext4                                text4        000000
__Ltext40                               text40       000000
__Ltext41                               text41       000000
__Ltext42                               text42       000000
__Ltext43                               text43       000000
__Ltext44                               text44       000000
__Ltext45                               text45       000000
__Ltext46                               text46       000000
__Ltext5                                text5        000000
__Ltext6                                text6        000000
__Ltext7                                text7        000000
__Ltext8                                text8        000000
__Ltext9                                text9        000000
__S0                                    (abs)        30000E
__S1                                    (abs)        000157
___aldiv                                text28       001C3E
___aldiv@counter                        cstackBANK0  000069
___aldiv@dividend                       cstackBANK0  000060
___aldiv@divisor                        cstackBANK0  000064
___aldiv@quotient                       cstackBANK0  00006B
___aldiv@sign                           cstackBANK0  00006A
___lldiv                                text31       0022E2
___lldiv@counter                        cstackBANK0  000079
___lldiv@dividend                       cstackBANK0  00006C
___lldiv@divisor                        cstackBANK0  000070
___lldiv@quotient                       cstackBANK0  000075
___llmod                                text19       0024C6
___llmod@counter                        cstackBANK0  000069
___llmod@dividend                       cstackBANK0  000060
___llmod@divisor                        cstackBANK0  000064
___lmul                                 text32       0026E4
___lmul@multiplicand                    cstackBANK0  000064
___lmul@multiplier                      cstackBANK0  000060
___lmul@product                         cstackBANK0  000068
___lwdiv                                text16       00259C
___lwdiv@counter                        cstackBANK0  000065
___lwdiv@dividend                       cstackBANK0  000060
___lwdiv@divisor                        cstackBANK0  000062
___lwdiv@quotient                       cstackBANK0  000066
___lwmod                                text15       00280E
___lwmod@counter                        cstackBANK0  000065
___lwmod@dividend                       cstackBANK0  000060
___lwmod@divisor                        cstackBANK0  000062
___wmul                                 text8        002A02
___wmul@multiplicand                    cstackBANK0  000062
___wmul@multiplier                      cstackBANK0  000060
___wmul@product                         cstackBANK0  000064
__accesstop                             (abs)        000060
__activetblptr                          (abs)        000002
__end_of_ConfigADC                      text36       002CFE
__end_of_ConfigPWM                      text23       002CC8
__end_of_ConfigUSART                    text21       002DC0
__end_of_ConvertADC                     text34       002EBE
__end_of_LowIsr                         intcodelo    0002DA
__end_of_OpenADC                        text37       002998
__end_of_OpenPWM1                       text24       002E96
__end_of_OpenTimer1                     text2        002D32
__end_of_OpenTimer2                     text25       002DE2
__end_of_OpenUSART                      text22       002918
__end_of_ReadADC                        text46       002EAE
__end_of_ReadUSART                      text44       002E00
__end_of_SetChanADC                     text35       002E1C
__end_of_SetDCPWM1                      text26       002C0E
__end_of___aldiv                        text28       001DEA
__end_of___lldiv                        text31       0023EC
__end_of___llmod                        text19       00259C
__end_of___lmul                         text32       002780
__end_of___lwdiv                        text16       002646
__end_of___lwmod                        text15       002898
__end_of___wmul                         text8        002A64
__end_of__initialization                cinit        002804
__end_of__stringdata                    smallconst   00086F
__end_of_accionDeControl                text1        0021C8
__end_of_atoi                           text7        0022E2
__end_of_atol                           text9        001F50
__end_of_borrarBufferRx                 text3        002B1E
__end_of_calcPID                        text30       0017FA
__end_of_comenzarADC                    text33       002E36
__end_of_controlador                    text27       001C3E
__end_of_enviarEstadoConsola            text12       001036
__end_of_getADC                         text45       002E4E
__end_of_isdigit                        text10       002C8C
__end_of_itoa                           text13       002BC6
__end_of_labs                           text29       002B76
__end_of_ltoa                           text17       002A02
__end_of_main                           text0        001A26
__end_of_parserRx                       text4        00150A
__end_of_reset_integral                 text11       002D64
__end_of_sendStr                        text20       002AC4
__end_of_setActuador                    text5        0026E4
__end_of_setDUTY                        text6        002EA4
__end_of_ultoa                          text18       0020A0
__end_of_utoa                           text14       0024C6
__end_ofi1_ConvertADC                   text43       002EC2
__end_ofi1_SetChanADC                   text42       002E62
__end_ofi1_borrarBufferRx               text39       002C4E
__end_ofi1_comenzarADC                  text41       002E86
__end_ofi1_reset_integral               text40       002D96
__initialization                        cinit        002780
__mediumconst                           mediumconst  000000
__pbssBANK0                             bssBANK0     0000B0
__pbssBANK1                             bssBANK1     00013D
__pbssCOMRAM                            bssCOMRAM    000021
__pcinit                                cinit        002780
__pcstackBANK0                          cstackBANK0  000060
__pcstackBANK1                          cstackBANK1  000100
__pcstackCOMRAM                         cstackCOMRAM 000001
__pdataBANK0                            dataBANK0    0000E1
__pdataBANK1                            dataBANK1    000153
__pdataCOMRAM                           dataCOMRAM   000039
__pidataBANK0                           idataBANK0   002E62
__pidataBANK1                           idataBANK1   002EB6
__pidataCOMRAM                          idataCOMRAM  002EAE
__pintcodelo                            intcodelo    000018
__psmallconst                           smallconst   000800
__ptext0                                text0        0017FA
__ptext1                                text1        0020A0
__ptext10                               text10       002C4E
__ptext11                               text11       002D32
__ptext12                               text12       000870
__ptext13                               text13       002B76
__ptext14                               text14       0023EC
__ptext15                               text15       00280E
__ptext16                               text16       00259C
__ptext17                               text17       002998
__ptext18                               text18       001F50
__ptext19                               text19       0024C6
__ptext2                                text2        002CFE
__ptext20                               text20       002A64
__ptext21                               text21       002D96
__ptext22                               text22       002898
__ptext23                               text23       002C8C
__ptext24                               text24       002E86
__ptext25                               text25       002DC0
__ptext26                               text26       002BC6
__ptext27                               text27       001A26
__ptext28                               text28       001C3E
__ptext29                               text29       002B1E
__ptext3                                text3        002AC4
__ptext30                               text30       00150A
__ptext31                               text31       0022E2
__ptext32                               text32       0026E4
__ptext33                               text33       002E1C
__ptext34                               text34       002EBA
__ptext35                               text35       002E00
__ptext36                               text36       002CC8
__ptext37                               text37       002918
__ptext39                               text39       002C0E
__ptext4                                text4        001036
__ptext40                               text40       002D64
__ptext41                               text41       002E74
__ptext42                               text42       002E4E
__ptext43                               text43       002EBE
__ptext44                               text44       002DE2
__ptext45                               text45       002E36
__ptext46                               text46       002EA4
__ptext5                                text5        002646
__ptext6                                text6        002E96
__ptext7                                text7        0021C8
__ptext8                                text8        002A02
__ptext9                                text9        001DEA
__ramtop                                ramtop       000800
__size_of_ConfigADC                     (abs)        000000
__size_of_ConfigPWM                     (abs)        000000
__size_of_ConfigUSART                   (abs)        000000
__size_of_ConvertADC                    (abs)        000000
__size_of_LowIsr                        (abs)        000000
__size_of_OpenADC                       (abs)        000000
__size_of_OpenPWM1                      (abs)        000000
__size_of_OpenTimer1                    (abs)        000000
__size_of_OpenTimer2                    (abs)        000000
__size_of_OpenUSART                     (abs)        000000
__size_of_ReadADC                       (abs)        000000
__size_of_ReadUSART                     (abs)        000000
__size_of_SetChanADC                    (abs)        000000
__size_of_SetDCPWM1                     (abs)        000000
__size_of___aldiv                       (abs)        000000
__size_of___lldiv                       (abs)        000000
__size_of___llmod                       (abs)        000000
__size_of___lmul                        (abs)        000000
__size_of___lwdiv                       (abs)        000000
__size_of___lwmod                       (abs)        000000
__size_of___wmul                        (abs)        000000
__size_of_accionDeControl               (abs)        000000
__size_of_atoi                          (abs)        000000
__size_of_atol                          (abs)        000000
__size_of_borrarBufferRx                (abs)        000000
__size_of_calcPID                       (abs)        000000
__size_of_comenzarADC                   (abs)        000000
__size_of_controlador                   (abs)        000000
__size_of_enviarEstadoConsola           (abs)        000000
__size_of_getADC                        (abs)        000000
__size_of_isdigit                       (abs)        000000
__size_of_itoa                          (abs)        000000
__size_of_labs                          (abs)        000000
__size_of_ltoa                          (abs)        000000
__size_of_main                          (abs)        000000
__size_of_parserRx                      (abs)        000000
__size_of_reset_integral                (abs)        000000
__size_of_sendStr                       (abs)        000000
__size_of_setActuador                   (abs)        000000
__size_of_setDUTY                       (abs)        000000
__size_of_ultoa                         (abs)        000000
__size_of_utoa                          (abs)        000000
__size_ofi1_ConvertADC                  (abs)        000000
__size_ofi1_SetChanADC                  (abs)        000000
__size_ofi1_borrarBufferRx              (abs)        000000
__size_ofi1_comenzarADC                 (abs)        000000
__size_ofi1_reset_integral              (abs)        000000
__smallconst                            smallconst   000800
__stringdata                            smallconst   000800
_accionDeControl                        text1        0020A0
_atoi                                   text7        0021C8
_atol                                   text9        001DEA
_banderaParser                          bssBANK0     0000D8
_borrarBufferRx                         text3        002AC4
_calcPID                                text30       00150A
_comenzarADC                            text33       002E1C
_contadorCiclosControlOff               bssCOMRAM    000025
_controlAntesDelStep                    dataBANK0    0000F1
_controlOn                              dataBANK0    0000F2
_controlador                            text27       001A26
_ctrl                                   bssCOMRAM    000021
_dentroDeStep                           bssCOMRAM    000028
_dirStep                                bssBANK0     0000C0
_doPID                                  bssBANK0     0000D9
_dt                                     bssBANK1     000147
_dutyPWM                                bssBANK0     0000DD
_dutyPWMlimit                           dataBANK0    0000E9
_dutyPWMlimitCounter                    dataBANK1    000153
_dutyPWMlimitTimeout                    dataCOMRAM   000039
_dutyPWMmin                             bssBANK0     0000C4
_enviarEstadoConsola                    text12       000870
_error                                  bssBANK0     0000C8
_getADC                                 text45       002E36
_globalIndexRx                          bssBANK0     0000DA
_iError1                                bssCOMRAM    000029
_iError2                                bssCOMRAM    00002D
_isdigit                                text10       002C4E
_isdigit$1965                           cstackBANK0  000062
_itoa                                   text13       002B76
_labs                                   text29       002B1E
_lastTIK                                bssBANK0     0000CC
_ltoa                                   text17       002998
_main                                   text0        0017FA
_parserRx                               text4        001036
_posicion                               dataBANK0    0000ED
_potenciaStep                           bssBANK0     0000D0
_reset_integral                         text11       002D32
_retornoParametros                      bssBANK0     0000DB
_sendStr                                text20       002A64
_setActuador                            text5        002646
_setDUTY                                text6        002E96
_setPoint                               dataCOMRAM   00003D
_tik                                    bssBANK0     0000D4
_tik0                                   bssBANK1     00014B
_tik0i                                  bssBANK1     00014F
_ultoa                                  text18       001F50
_utoa                                   text14       0023EC
_verbose                                bssBANK0     0000DC
accionDeControl@dirGiro                 cstackBANK0  00006D
atoi@a                                  cstackBANK0  00006C
atoi@s                                  cstackBANK0  000066
atoi@sign                               cstackBANK0  00006B
atol@a                                  cstackBANK0  000075
atol@c                                  cstackBANK0  000079
atol@s                                  cstackBANK0  00006C
atol@sign                               cstackBANK0  000074
borrarBufferRx@i                        cstackBANK0  000061
calcPID@Kd                              cstackBANK0  00008A
calcPID@Ki                              cstackBANK0  000086
calcPID@Kp                              cstackBANK0  000082
calcPID@dError                          cstackBANK0  0000A2
calcPID@dt                              cstackBANK0  00007E
calcPID@epsilon                         cstackBANK0  00009A
calcPID@error                           cstackBANK0  00007A
calcPID@iErrorPtr                       cstackBANK0  000090
calcPID@lastErrorPtr                    cstackBANK0  00008E
calcPID@omega                           cstackBANK0  0000A6
calcPID@output                          cstackBANK0  00009E
controlador@Kd                          cstackBANK1  000110
controlador@Ki                          cstackBANK1  00010C
controlador@Kp                          cstackBANK1  000108
controlador@accionControl               cstackBANK0  0000AA
controlador@dirGiro                     cstackBANK1  000116
controlador@dt                          cstackBANK1  000104
controlador@dutyPWM                     cstackBANK1  000114
controlador@error                       cstackBANK1  000100
controlador@lastError1                  bssCOMRAM    000031
controlador@lastError2                  bssCOMRAM    000035
end_of_initialization                   cinit        002804
enviarEstadoConsola@Kd                  cstackBANK1  000118
enviarEstadoConsola@Kd2                 cstackBANK1  000124
enviarEstadoConsola@Ki                  cstackBANK1  000114
enviarEstadoConsola@Ki2                 cstackBANK1  000120
enviarEstadoConsola@Kp                  cstackBANK1  000110
enviarEstadoConsola@Kp2                 cstackBANK1  00011C
enviarEstadoConsola@buffer              cstackBANK0  000092
enviarEstadoConsola@controlOn           cstackBANK1  000128
enviarEstadoConsola@ctrl                cstackBANK1  00010C
enviarEstadoConsola@dirStep             cstackBANK1  000129
enviarEstadoConsola@dutyPWMlimit        cstackBANK1  000135
enviarEstadoConsola@dutyPWMlimitTimeout cstackBANK1  000139
enviarEstadoConsola@dutyPWMmin          cstackBANK1  000131
enviarEstadoConsola@error               cstackBANK1  000104
enviarEstadoConsola@potenciaStep        cstackBANK1  00012D
enviarEstadoConsola@tik                 cstackBANK1  000100
i1SetChanADC@channel                    cstackCOMRAM 000001
i1_ConvertADC                           text43       002EBE
i1_SetChanADC                           text42       002E4E
i1_borrarBufferRx                       text39       002C0E
i1_comenzarADC                          text41       002E74
i1_reset_integral                       text40       002D64
i1borrarBufferRx@i                      cstackCOMRAM 000002
intlevel0                               text         000000
intlevel1                               text         000000
intlevel2                               text         000000
intlevel3                               text         000000
isdigit@c                               cstackBANK0  000060
itoa@base                               cstackBANK0  000075
itoa@buf                                cstackBANK0  000071
itoa@cp                                 cstackBANK0  000077
itoa@val                                cstackBANK0  000073
labs@l                                  cstackBANK0  000060
ltoa@base                               cstackBANK0  00008D
ltoa@buf                                cstackBANK0  000087
ltoa@cp                                 cstackBANK0  00008F
ltoa@val                                cstackBANK0  000089
main@dirGiro                            cstackBANK0  0000AF
parserRx@argumento                      cstackBANK0  000085
parserRx@comando                        cstackBANK0  00007C
parserRx@dirGiro                        cstackBANK0  00007D
parserRx@j                              cstackBANK0  00008A
parserRx@potencia                       cstackBANK0  000081
sendStr@dataPtr                         cstackBANK0  000060
setActuador@dirGiro                     cstackBANK0  00006C
setActuador@dutyPWM                     cstackBANK0  000068
setDUTY@duty                            cstackBANK0  000066
start                                   init         0002DA
start_initialization                    cinit        002780
ultoa@base                              cstackBANK0  000080
ultoa@buf                               cstackBANK0  00007A
ultoa@c                                 cstackBANK0  000086
ultoa@v                                 cstackBANK0  000082
ultoa@val                               cstackBANK0  00007C
utoa@base                               cstackBANK0  00006C
utoa@buf                                cstackBANK0  000068
utoa@c                                  cstackBANK0  000070
utoa@v                                  cstackBANK0  00006E
utoa@val                                cstackBANK0  00006A


FUNCTION INFORMATION:

 *************** function _main *****************
 Defined at:
		line 232 in file "main.c"
 Parameters:    Size  Location     Type
		None
 Auto vars:     Size  Location     Type
  dirGiro         1   79[BANK0 ] unsigned char 
 Return value:  Size  Location     Type
		None               void
 Registers used:
		wreg, fsr0l, fsr0h, fsr1l, fsr1h, fsr2l, fsr2h, status,2, status,0, tblptrl, tblptrh, tblptru, prodl, prodh, cstack
 Tracked objects:
		On entry : 
		On exit  : 
		Unchanged: 
 Data sizes:     COMRAM   BANK0   BANK1   BANK2   BANK3   BANK4   BANK5   BANK6   BANK7
      Params:         0       0       0       0       0       0       0       0       0
      Locals:         0       1       0       0       0       0       0       0       0
      Temps:          0       1       0       0       0       0       0       0       0
      Totals:         0       2       0       0       0       0       0       0       0
Total ram usage:        2 bytes
 Hardware stack levels required when called:    7
 This function calls:
		_ConfigADC
		_comenzarADC
		_controlador
		_ConfigPWM
		_ConfigUSART
		_enviarEstadoConsola
		_parserRx
		_borrarBufferRx
		_OpenTimer1
		_accionDeControl
 This function is called by:
		Startup code after reset
 This function uses a non-reentrant model


 *************** function _accionDeControl *****************
 Defined at:
		line 335 in file "main.c"
 Parameters:    Size  Location     Type
  dirGiro         1   13[BANK0 ] unsigned char 
 Auto vars:     Size  Location     Type
		None
 Return value:  Size  Location     Type
		None               void
 Registers used:
		wreg, status,2, status,0, cstack
 Tracked objects:
		On entry : 
		On exit  : 
		Unchanged: 
 Data sizes:     COMRAM   BANK0   BANK1   BANK2   BANK3   BANK4   BANK5   BANK6   BANK7
      Params:         0       1       0       0       0       0       0       0       0
      Locals:         0       0       0       0       0       0       0       0       0
      Temps:          0       1       0       0       0       0       0       0       0
      Totals:         0       2       0       0       0       0       0       0       0
Total ram usage:        2 bytes
 Hardware stack levels used:    1
 Hardware stack levels required when called:    6
 This function calls:
		_setActuador
 This function is called by:
		_main
 This function uses a non-reentrant model


 *************** function _OpenTimer1 *****************
 Defined at:
		line 17 in file "/opt/microchip/xc8/v1.21/sources/pic18/plib/Timers/t1open.c"
 Parameters:    Size  Location     Type
  config          1    0[BANK0 ] unsigned char 
 Auto vars:     Size  Location     Type
		None
 Return value:  Size  Location     Type
		None               void
 Registers used:
		wreg, status,2, status,0
 Tracked objects:
		On entry : 
		On exit  : 
		Unchanged: 
 Data sizes:     COMRAM   BANK0   BANK1   BANK2   BANK3   BANK4   BANK5   BANK6   BANK7
      Params:         0       1       0       0       0       0       0       0       0
      Locals:         0       0       0       0       0       0       0       0       0
      Temps:          0       0       0       0       0       0       0       0       0
      Totals:         0       1       0       0       0       0       0       0       0
Total ram usage:        1 bytes
 Hardware stack levels used:    1
 Hardware stack levels required when called:    3
 This function calls:
		Nothing
 This function is called by:
		_main
 This function uses a non-reentrant model


 *************** function _borrarBufferRx *****************
 Defined at:
		line 225 in file "main.c"
 Parameters:    Size  Location     Type
		None
 Auto vars:     Size  Location     Type
  i               2    1[BANK0 ] int 
 Return value:  Size  Location     Type
		None               void
 Registers used:
		wreg, fsr2l, fsr2h, status,2, status,0
 Tracked objects:
		On entry : 
		On exit  : 
		Unchanged: 
 Data sizes:     COMRAM   BANK0   BANK1   BANK2   BANK3   BANK4   BANK5   BANK6   BANK7
      Params:         0       0       0       0       0       0       0       0       0
      Locals:         0       2       0       0       0       0       0       0       0
      Temps:          0       1       0       0       0       0       0       0       0
      Totals:         0       3       0       0       0       0       0       0       0
Total ram usage:        3 bytes
 Hardware stack levels used:    1
 Hardware stack levels required when called:    3
 This function calls:
		Nothing
 This function is called by:
		_main
 This function uses a non-reentrant model


 *************** function _parserRx *****************
 Defined at:
		line 131 in file "main.c"
 Parameters:    Size  Location     Type
		None
 Auto vars:     Size  Location     Type
  potencia        4   33[BANK0 ] long 
  dirGiro         4   29[BANK0 ] unsigned long 
  argumento       5   37[BANK0 ] unsigned char [5]
  j               1   42[BANK0 ] unsigned char 
  comando         1   28[BANK0 ] unsigned char 
 Return value:  Size  Location     Type
		None               void
 Registers used:
		wreg, fsr1l, fsr1h, fsr2l, fsr2h, status,2, status,0, prodl, prodh, cstack
 Tracked objects:
		On entry : 
		On exit  : 
		Unchanged: 
 Data sizes:     COMRAM   BANK0   BANK1   BANK2   BANK3   BANK4   BANK5   BANK6   BANK7
      Params:         0       0       0       0       0       0       0       0       0
      Locals:         0      15       0       0       0       0       0       0       0
      Temps:          0       2       0       0       0       0       0       0       0
      Totals:         0      17       0       0       0       0       0       0       0
Total ram usage:       17 bytes
 Hardware stack levels used:    1
 Hardware stack levels required when called:    6
 This function calls:
		_labs
		_reset_integral
		_atol
		_atoi
		_setActuador
 This function is called by:
		_main
 This function uses a non-reentrant model


 *************** function _setActuador *****************
 Defined at:
		line 307 in file "main.c"
 Parameters:    Size  Location     Type
  dutyPWM         4    8[BANK0 ] unsigned long 
  dirGiro         1   12[BANK0 ] unsigned char 
 Auto vars:     Size  Location     Type
		None
 Return value:  Size  Location     Type
		None               void
 Registers used:
		wreg, status,2, status,0, cstack
 Tracked objects:
		On entry : 
		On exit  : 
		Unchanged: 
 Data sizes:     COMRAM   BANK0   BANK1   BANK2   BANK3   BANK4   BANK5   BANK6   BANK7
      Params:         0       5       0       0       0       0       0       0       0
      Locals:         0       0       0       0       0       0       0       0       0
      Temps:          0       0       0       0       0       0       0       0       0
      Totals:         0       5       0       0       0       0       0       0       0
Total ram usage:        5 bytes
 Hardware stack levels used:    1
 Hardware stack levels required when called:    5
 This function calls:
		_setDUTY
 This function is called by:
		_parserRx
		_accionDeControl
 This function uses a non-reentrant model


 *************** function _setDUTY *****************
 Defined at:
		line 15 in file "MyPWM.c"
 Parameters:    Size  Location     Type
  duty            2    6[BANK0 ] unsigned int 
 Auto vars:     Size  Location     Type
		None
 Return value:  Size  Location     Type
		None               void
 Registers used:
		wreg, status,2, status,0, cstack
 Tracked objects:
		On entry : 
		On exit  : 
		Unchanged: 
 Data sizes:     COMRAM   BANK0   BANK1   BANK2   BANK3   BANK4   BANK5   BANK6   BANK7
      Params:         0       2       0       0       0       0       0       0       0
      Locals:         0       0       0       0       0       0       0       0       0
      Temps:          0       0       0       0       0       0       0       0       0
      Totals:         0       2       0       0       0       0       0       0       0
Total ram usage:        2 bytes
 Hardware stack levels used:    1
 Hardware stack levels required when called:    4
 This function calls:
		_SetDCPWM1
 This function is called by:
		_setActuador
 This function uses a non-reentrant model


 *************** function _atoi *****************
 Defined at:
		line 6 in file "/opt/microchip/xc8/v1.21/sources/common/atoi.c"
 Parameters:    Size  Location     Type
  s               2    6[BANK0 ] PTR const unsigned char 
		 -> parserRx@argumento(5), 
 Auto vars:     Size  Location     Type
  a               2   12[BANK0 ] int 
  sign            1   11[BANK0 ] unsigned char 
 Return value:  Size  Location     Type
                  2    6[BANK0 ] int 
 Registers used:
		wreg, fsr2l, fsr2h, status,2, status,0, prodl, prodh, cstack
 Tracked objects:
		On entry : 
		On exit  : 
		Unchanged: 
 Data sizes:     COMRAM   BANK0   BANK1   BANK2   BANK3   BANK4   BANK5   BANK6   BANK7
      Params:         0       2       0       0       0       0       0       0       0
      Locals:         0       3       0       0       0       0       0       0       0
      Temps:          0       3       0       0       0       0       0       0       0
      Totals:         0       8       0       0       0       0       0       0       0
Total ram usage:        8 bytes
 Hardware stack levels used:    1
 Hardware stack levels required when called:    4
 This function calls:
		_isdigit
		___wmul
 This function is called by:
		_parserRx
 This function uses a non-reentrant model


 *************** function ___wmul *****************
 Defined at:
		line 5 in file "/opt/microchip/xc8/v1.21/sources/common/wmul.c"
 Parameters:    Size  Location     Type
  multiplier      2    0[BANK0 ] unsigned int 
  multiplicand    2    2[BANK0 ] unsigned int 
 Auto vars:     Size  Location     Type
  product         2    4[BANK0 ] unsigned int 
 Return value:  Size  Location     Type
                  2    0[BANK0 ] unsigned int 
 Registers used:
		wreg, status,2, status,0, prodl, prodh
 Tracked objects:
		On entry : 
		On exit  : 
		Unchanged: 
 Data sizes:     COMRAM   BANK0   BANK1   BANK2   BANK3   BANK4   BANK5   BANK6   BANK7
      Params:         0       4       0       0       0       0       0       0       0
      Locals:         0       2       0       0       0       0       0       0       0
      Temps:          0       0       0       0       0       0       0       0       0
      Totals:         0       6       0       0       0       0       0       0       0
Total ram usage:        6 bytes
 Hardware stack levels used:    1
 Hardware stack levels required when called:    3
 This function calls:
		Nothing
 This function is called by:
		_atoi
 This function uses a non-reentrant model


 *************** function _atol *****************
 Defined at:
		line 6 in file "/opt/microchip/xc8/v1.21/sources/common/atol.c"
 Parameters:    Size  Location     Type
  s               2   12[BANK0 ] PTR const unsigned char 
		 -> parserRx@argumento(5), 
 Auto vars:     Size  Location     Type
  a               4   21[BANK0 ] long 
  c               1   25[BANK0 ] unsigned char 
  sign            1   20[BANK0 ] unsigned char 
 Return value:  Size  Location     Type
                  4   12[BANK0 ] long 
 Registers used:
		wreg, fsr2l, fsr2h, status,2, status,0, cstack
 Tracked objects:
		On entry : 
		On exit  : 
		Unchanged: 
 Data sizes:     COMRAM   BANK0   BANK1   BANK2   BANK3   BANK4   BANK5   BANK6   BANK7
      Params:         0       4       0       0       0       0       0       0       0
      Locals:         0       6       0       0       0       0       0       0       0
      Temps:          0       4       0       0       0       0       0       0       0
      Totals:         0      14       0       0       0       0       0       0       0
Total ram usage:       14 bytes
 Hardware stack levels used:    1
 Hardware stack levels required when called:    4
 This function calls:
		___lmul
		_isdigit
 This function is called by:
		_parserRx
 This function uses a non-reentrant model


 *************** function _isdigit *****************
 Defined at:
		line 13 in file "/opt/microchip/xc8/v1.21/sources/common/isdigit.c"
 Parameters:    Size  Location     Type
  c               1    0[BANK0 ] unsigned char 
 Auto vars:     Size  Location     Type
		None
 Return value:  Size  Location     Type
		None               void
 Registers used:
		wreg, status,2, status,0
 Tracked objects:
		On entry : 
		On exit  : 
		Unchanged: 
 Data sizes:     COMRAM   BANK0   BANK1   BANK2   BANK3   BANK4   BANK5   BANK6   BANK7
      Params:         0       1       0       0       0       0       0       0       0
      Locals:         0       1       0       0       0       0       0       0       0
      Temps:          0       1       0       0       0       0       0       0       0
      Totals:         0       3       0       0       0       0       0       0       0
Total ram usage:        3 bytes
 Hardware stack levels used:    1
 Hardware stack levels required when called:    3
 This function calls:
		Nothing
 This function is called by:
		_atoi
		_atol
 This function uses a non-reentrant model


 *************** function _reset_integral *****************
 Defined at:
		line 123 in file "main.c"
 Parameters:    Size  Location     Type
		None
 Auto vars:     Size  Location     Type
		None
 Return value:  Size  Location     Type
		None               void
 Registers used:
		wreg, status,2
 Tracked objects:
		On entry : 
		On exit  : 
		Unchanged: 
 Data sizes:     COMRAM   BANK0   BANK1   BANK2   BANK3   BANK4   BANK5   BANK6   BANK7
      Params:         0       0       0       0       0       0       0       0       0
      Locals:         0       0       0       0       0       0       0       0       0
      Temps:          0       0       0       0       0       0       0       0       0
      Totals:         0       0       0       0       0       0       0       0       0
Total ram usage:        0 bytes
 Hardware stack levels used:    1
 Hardware stack levels required when called:    3
 This function calls:
		Nothing
 This function is called by:
		_parserRx
 This function uses a non-reentrant model


 *************** function _enviarEstadoConsola *****************
 Defined at:
		line 50 in file "MyUSART.c"
 Parameters:    Size  Location     Type
  tik             4    0[BANK1 ] unsigned long 
  error           4    4[BANK1 ] unsigned long 
  dutyPWM         4    8[BANK1 ] unsigned long 
  ctrl            4   12[BANK1 ] unsigned long 
  Kp              4   16[BANK1 ] unsigned long 
  Ki              4   20[BANK1 ] unsigned long 
  Kd              4   24[BANK1 ] unsigned long 
  Kp2             4   28[BANK1 ] unsigned long 
  Ki2             4   32[BANK1 ] unsigned long 
  Kd2             4   36[BANK1 ] unsigned long 
  controlOn       1   40[BANK1 ] unsigned char 
  dirStep         4   41[BANK1 ] unsigned long 
  potenciaStep    4   45[BANK1 ] unsigned long 
  dutyPWMmin      4   49[BANK1 ] unsigned long 
  dutyPWMlimit    4   53[BANK1 ] unsigned long 
  dutyPWMlimit    4   57[BANK1 ] unsigned long 
 Auto vars:     Size  Location     Type
  buffer         10   50[BANK0 ] unsigned char [10]
 Return value:  Size  Location     Type
		None               void
 Registers used:
		wreg, fsr0l, fsr0h, fsr2l, fsr2h, status,2, status,0, tblptrl, tblptrh, tblptru, cstack
 Tracked objects:
		On entry : 
		On exit  : 
		Unchanged: 
 Data sizes:     COMRAM   BANK0   BANK1   BANK2   BANK3   BANK4   BANK5   BANK6   BANK7
      Params:         0       0      61       0       0       0       0       0       0
      Locals:         0      10       0       0       0       0       0       0       0
      Temps:          0       1       0       0       0       0       0       0       0
      Totals:         0      11      61       0       0       0       0       0       0
Total ram usage:       72 bytes
 Hardware stack levels used:    1
 Hardware stack levels required when called:    6
 This function calls:
		_sendStr
		_utoa
		_ltoa
		_itoa
 This function is called by:
		_main
 This function uses a non-reentrant model


 *************** function _itoa *****************
 Defined at:
		line 5 in file "/opt/microchip/xc8/v1.21/sources/common/itoa.c"
 Parameters:    Size  Location     Type
  buf             2   17[BANK0 ] PTR unsigned char 
		 -> enviarEstadoConsola@buffer(10), 
  val             2   19[BANK0 ] int 
  base            2   21[BANK0 ] int 
 Auto vars:     Size  Location     Type
  cp              2   23[BANK0 ] PTR unsigned char 
		 -> enviarEstadoConsola@buffer(10), 
 Return value:  Size  Location     Type
                  2   17[BANK0 ] PTR unsigned char 
 Registers used:
		wreg, fsr2l, fsr2h, status,2, status,0, cstack
 Tracked objects:
		On entry : 
		On exit  : 
		Unchanged: 
 Data sizes:     COMRAM   BANK0   BANK1   BANK2   BANK3   BANK4   BANK5   BANK6   BANK7
      Params:         0       6       0       0       0       0       0       0       0
      Locals:         0       2       0       0       0       0       0       0       0
      Temps:          0       0       0       0       0       0       0       0       0
      Totals:         0       8       0       0       0       0       0       0       0
Total ram usage:        8 bytes
 Hardware stack levels used:    1
 Hardware stack levels required when called:    5
 This function calls:
		_utoa
 This function is called by:
		_enviarEstadoConsola
 This function uses a non-reentrant model


 *************** function _utoa *****************
 Defined at:
		line 18 in file "/opt/microchip/xc8/v1.21/sources/common/itoa.c"
 Parameters:    Size  Location     Type
  buf             2    8[BANK0 ] PTR unsigned char 
		 -> enviarEstadoConsola@buffer(10), 
  val             2   10[BANK0 ] unsigned int 
  base            2   12[BANK0 ] int 
 Auto vars:     Size  Location     Type
  v               2   14[BANK0 ] unsigned int 
  c               1   16[BANK0 ] unsigned char 
 Return value:  Size  Location     Type
                  2    8[BANK0 ] PTR unsigned char 
 Registers used:
		wreg, fsr2l, fsr2h, status,2, status,0, cstack
 Tracked objects:
		On entry : 
		On exit  : 
		Unchanged: 
 Data sizes:     COMRAM   BANK0   BANK1   BANK2   BANK3   BANK4   BANK5   BANK6   BANK7
      Params:         0       6       0       0       0       0       0       0       0
      Locals:         0       3       0       0       0       0       0       0       0
      Temps:          0       0       0       0       0       0       0       0       0
      Totals:         0       9       0       0       0       0       0       0       0
Total ram usage:        9 bytes
 Hardware stack levels used:    1
 Hardware stack levels required when called:    4
 This function calls:
		___lwdiv
		___lwmod
 This function is called by:
		_enviarEstadoConsola
		_itoa
 This function uses a non-reentrant model


 *************** function ___lwmod *****************
 Defined at:
		line 10 in file "/opt/microchip/xc8/v1.21/sources/common/lwmod.c"
 Parameters:    Size  Location     Type
  dividend        2    0[BANK0 ] unsigned int 
  divisor         2    2[BANK0 ] unsigned int 
 Auto vars:     Size  Location     Type
  counter         1    5[BANK0 ] unsigned char 
 Return value:  Size  Location     Type
                  2    0[BANK0 ] unsigned int 
 Registers used:
		wreg, status,2, status,0
 Tracked objects:
		On entry : 
		On exit  : 
		Unchanged: 
 Data sizes:     COMRAM   BANK0   BANK1   BANK2   BANK3   BANK4   BANK5   BANK6   BANK7
      Params:         0       4       0       0       0       0       0       0       0
      Locals:         0       1       0       0       0       0       0       0       0
      Temps:          0       1       0       0       0       0       0       0       0
      Totals:         0       6       0       0       0       0       0       0       0
Total ram usage:        6 bytes
 Hardware stack levels used:    1
 Hardware stack levels required when called:    3
 This function calls:
		Nothing
 This function is called by:
		_utoa
 This function uses a non-reentrant model


 *************** function ___lwdiv *****************
 Defined at:
		line 10 in file "/opt/microchip/xc8/v1.21/sources/common/lwdiv.c"
 Parameters:    Size  Location     Type
  dividend        2    0[BANK0 ] unsigned int 
  divisor         2    2[BANK0 ] unsigned int 
 Auto vars:     Size  Location     Type
  quotient        2    6[BANK0 ] unsigned int 
  counter         1    5[BANK0 ] unsigned char 
 Return value:  Size  Location     Type
                  2    0[BANK0 ] unsigned int 
 Registers used:
		wreg, status,2, status,0
 Tracked objects:
		On entry : 
		On exit  : 
		Unchanged: 
 Data sizes:     COMRAM   BANK0   BANK1   BANK2   BANK3   BANK4   BANK5   BANK6   BANK7
      Params:         0       4       0       0       0       0       0       0       0
      Locals:         0       3       0       0       0       0       0       0       0
      Temps:          0       1       0       0       0       0       0       0       0
      Totals:         0       8       0       0       0       0       0       0       0
Total ram usage:        8 bytes
 Hardware stack levels used:    1
 Hardware stack levels required when called:    3
 This function calls:
		Nothing
 This function is called by:
		_utoa
 This function uses a non-reentrant model


 *************** function _ltoa *****************
 Defined at:
		line 9 in file "/opt/microchip/xc8/v1.21/sources/common/ltoa.c"
 Parameters:    Size  Location     Type
[...]
      Temps:          0       1       0       0       0       0       0       0       0
      Totals:         0       1       0       0       0       0       0       0       0
Total ram usage:        1 bytes
 Hardware stack levels used:    1
 Hardware stack levels required when called:    4
 This function calls:
		_SetChanADC
		_ConvertADC
 This function is called by:
		_main
 This function uses a non-reentrant model


 *************** function _ConvertADC *****************
 Defined at:
		line 23 in file "/opt/microchip/xc8/v1.21/sources/pic18/plib/ADC/adcconv.c"
 Parameters:    Size  Location     Type
		None
 Auto vars:     Size  Location     Type
		None
 Return value:  Size  Location     Type
		None               void
 Registers used:
		None
 Tracked objects:
		On entry : 
		On exit  : 
		Unchanged: 
 Data sizes:     COMRAM   BANK0   BANK1   BANK2   BANK3   BANK4   BANK5   BANK6   BANK7
      Params:         0       0       0       0       0       0       0       0       0
      Locals:         0       0       0       0       0       0       0       0       0
      Temps:          0       0       0       0       0       0       0       0       0
      Totals:         0       0       0       0       0       0       0       0       0
Total ram usage:        0 bytes
 Hardware stack levels used:    1
 Hardware stack levels required when called:    3
 This function calls:
		Nothing
 This function is called by:
		_comenzarADC
 This function uses a non-reentrant model


 *************** function _SetChanADC *****************
 Defined at:
		line 31 in file "/opt/microchip/xc8/v1.21/sources/pic18/plib/ADC/adcsetch.c"
 Parameters:    Size  Location     Type
  channel         1    0[BANK0 ] unsigned char 
 Auto vars:     Size  Location     Type
		None
 Return value:  Size  Location     Type
		None               void
 Registers used:
		wreg, status,2, status,0
 Tracked objects:
		On entry : 
		On exit  : 
		Unchanged: 
 Data sizes:     COMRAM   BANK0   BANK1   BANK2   BANK3   BANK4   BANK5   BANK6   BANK7
      Params:         0       1       0       0       0       0       0       0       0
      Locals:         0       0       0       0       0       0       0       0       0
      Temps:          0       1       0       0       0       0       0       0       0
      Totals:         0       2       0       0       0       0       0       0       0
Total ram usage:        2 bytes
 Hardware stack levels used:    1
 Hardware stack levels required when called:    3
 This function calls:
		Nothing
 This function is called by:
		_comenzarADC
 This function uses a non-reentrant model


 *************** function _ConfigADC *****************
 Defined at:
		line 9 in file "MyADC.c"
 Parameters:    Size  Location     Type
		None
 Auto vars:     Size  Location     Type
		None
 Return value:  Size  Location     Type
		None               void
 Registers used:
		wreg, status,2, status,0, cstack
 Tracked objects:
		On entry : 
		On exit  : 
		Unchanged: 
 Data sizes:     COMRAM   BANK0   BANK1   BANK2   BANK3   BANK4   BANK5   BANK6   BANK7
      Params:         0       0       0       0       0       0       0       0       0
      Locals:         0       0       0       0       0       0       0       0       0
      Temps:          0       3       0       0       0       0       0       0       0
      Totals:         0       3       0       0       0       0       0       0       0
Total ram usage:        3 bytes
 Hardware stack levels used:    1
 Hardware stack levels required when called:    4
 This function calls:
		_OpenADC
 This function is called by:
		_main
 This function uses a non-reentrant model


 *************** function _OpenADC *****************
 Defined at:
		line 71 in file "/opt/microchip/xc8/v1.21/sources/pic18/plib/ADC/adcopen.c"
 Parameters:    Size  Location     Type
  config          1    0[BANK0 ] unsigned char 
  config2         1    1[BANK0 ] unsigned char 
  portconfig      1    2[BANK0 ] unsigned char 
 Auto vars:     Size  Location     Type
		None
 Return value:  Size  Location     Type
		None               void
 Registers used:
		wreg, status,2, status,0
 Tracked objects:
		On entry : 
		On exit  : 
		Unchanged: 
 Data sizes:     COMRAM   BANK0   BANK1   BANK2   BANK3   BANK4   BANK5   BANK6   BANK7
      Params:         0       3       0       0       0       0       0       0       0
      Locals:         0       0       0       0       0       0       0       0       0
      Temps:          0       2       0       0       0       0       0       0       0
      Totals:         0       5       0       0       0       0       0       0       0
Total ram usage:        5 bytes
 Hardware stack levels used:    1
 Hardware stack levels required when called:    3
 This function calls:
		Nothing
 This function is called by:
		_ConfigADC
 This function uses a non-reentrant model


 *************** function _LowIsr *****************
 Defined at:
		line 362 in file "main.c"
 Parameters:    Size  Location     Type
		None
 Auto vars:     Size  Location     Type
  caracterRx      1   31[COMRAM] unsigned char 
 Return value:  Size  Location     Type
		None               void
 Registers used:
		wreg, fsr2l, fsr2h, status,2, status,0, prodl, prodh, cstack
 Tracked objects:
		On entry : 
		On exit  : 
		Unchanged: 
 Data sizes:     COMRAM   BANK0   BANK1   BANK2   BANK3   BANK4   BANK5   BANK6   BANK7
      Params:         0       0       0       0       0       0       0       0       0
      Locals:         1       0       0       0       0       0       0       0       0
      Temps:         25       0       0       0       0       0       0       0       0
      Totals:        26       0       0       0       0       0       0       0       0
Total ram usage:       26 bytes
 Hardware stack levels used:    1
 Hardware stack levels required when called:    2
 This function calls:
		_getADC
		_ReadUSART
		i1_comenzarADC
		i1_reset_integral
		i1_borrarBufferRx
 This function is called by:
		Interrupt level 1
 This function uses a non-reentrant model


 *************** function i1_borrarBufferRx *****************
 Defined at:
		line 225 in file "main.c"
 Parameters:    Size  Location     Type
		None
 Auto vars:     Size  Location     Type
  borrarBuffer    2    1[COMRAM] int 
 Return value:  Size  Location     Type
		None               void
 Registers used:
		wreg, fsr2l, fsr2h, status,2, status,0
 Tracked objects:
		On entry : 
		On exit  : 
		Unchanged: 
 Data sizes:     COMRAM   BANK0   BANK1   BANK2   BANK3   BANK4   BANK5   BANK6   BANK7
      Params:         0       0       0       0       0       0       0       0       0
      Locals:         2       0       0       0       0       0       0       0       0
      Temps:          1       0       0       0       0       0       0       0       0
      Totals:         3       0       0       0       0       0       0       0       0
Total ram usage:        3 bytes
 Hardware stack levels used:    1
 This function calls:
		Nothing
 This function is called by:
		_LowIsr
 This function uses a non-reentrant model


 *************** function i1_reset_integral *****************
 Defined at:
		line 123 in file "main.c"
 Parameters:    Size  Location     Type
		None
 Auto vars:     Size  Location     Type
		None
 Return value:  Size  Location     Type
		None               void
 Registers used:
		wreg, status,2
 Tracked objects:
		On entry : 
		On exit  : 
		Unchanged: 
 Data sizes:     COMRAM   BANK0   BANK1   BANK2   BANK3   BANK4   BANK5   BANK6   BANK7
      Params:         0       0       0       0       0       0       0       0       0
      Locals:         0       0       0       0       0       0       0       0       0
      Temps:          0       0       0       0       0       0       0       0       0
      Totals:         0       0       0       0       0       0       0       0       0
Total ram usage:        0 bytes
 Hardware stack levels used:    1
 This function calls:
		Nothing
 This function is called by:
		_LowIsr
 This function uses a non-reentrant model


 *************** function i1_comenzarADC *****************
 Defined at:
		line 13 in file "MyADC.c"
 Parameters:    Size  Location     Type
		None
 Auto vars:     Size  Location     Type
		None
 Return value:  Size  Location     Type
		None               void
 Registers used:
		wreg, status,2, status,0, cstack
 Tracked objects:
		On entry : 
		On exit  : 
		Unchanged: 
 Data sizes:     COMRAM   BANK0   BANK1   BANK2   BANK3   BANK4   BANK5   BANK6   BANK7
      Params:         0       0       0       0       0       0       0       0       0
      Locals:         0       0       0       0       0       0       0       0       0
      Temps:          1       0       0       0       0       0       0       0       0
      Totals:         1       0       0       0       0       0       0       0       0
Total ram usage:        1 bytes
 Hardware stack levels used:    1
 Hardware stack levels required when called:    1
 This function calls:
		i1_ConvertADC
		i1_SetChanADC
 This function is called by:
		_LowIsr
 This function uses a non-reentrant model


 *************** function i1_SetChanADC *****************
 Defined at:
		line 31 in file "/opt/microchip/xc8/v1.21/sources/pic18/plib/ADC/adcsetch.c"
 Parameters:    Size  Location     Type
  channel         1    0[COMRAM] unsigned char 
 Auto vars:     Size  Location     Type
		None
 Return value:  Size  Location     Type
		None               void
 Registers used:
		wreg, status,2, status,0
 Tracked objects:
		On entry : 
		On exit  : 
		Unchanged: 
 Data sizes:     COMRAM   BANK0   BANK1   BANK2   BANK3   BANK4   BANK5   BANK6   BANK7
      Params:         1       0       0       0       0       0       0       0       0
      Locals:         0       0       0       0       0       0       0       0       0
      Temps:          1       0       0       0       0       0       0       0       0
      Totals:         2       0       0       0       0       0       0       0       0
Total ram usage:        2 bytes
 Hardware stack levels used:    1
 This function calls:
		Nothing
 This function is called by:
		i1_comenzarADC
 This function uses a non-reentrant model


 *************** function i1_ConvertADC *****************
 Defined at:
		line 23 in file "/opt/microchip/xc8/v1.21/sources/pic18/plib/ADC/adcconv.c"
 Parameters:    Size  Location     Type
		None
 Auto vars:     Size  Location     Type
		None
 Return value:  Size  Location     Type
		None               void
 Registers used:
		None
 Tracked objects:
		On entry : 
		On exit  : 
		Unchanged: 
 Data sizes:     COMRAM   BANK0   BANK1   BANK2   BANK3   BANK4   BANK5   BANK6   BANK7
      Params:         0       0       0       0       0       0       0       0       0
      Locals:         0       0       0       0       0       0       0       0       0
      Temps:          0       0       0       0       0       0       0       0       0
      Totals:         0       0       0       0       0       0       0       0       0
Total ram usage:        0 bytes
 Hardware stack levels used:    1
 This function calls:
		Nothing
 This function is called by:
		i1_comenzarADC
 This function uses a non-reentrant model


 *************** function _ReadUSART *****************
 Defined at:
		line 16 in file "/opt/microchip/xc8/v1.21/sources/pic18/plib/USART/uread.c"
 Parameters:    Size  Location     Type
		None
 Auto vars:     Size  Location     Type
  data            1    0[COMRAM] unsigned char 
 Return value:  Size  Location     Type
                  1    wreg      unsigned char 
 Registers used:
		wreg, status,2, status,0
 Tracked objects:
		On entry : 
		On exit  : 
		Unchanged: 
 Data sizes:     COMRAM   BANK0   BANK1   BANK2   BANK3   BANK4   BANK5   BANK6   BANK7
      Params:         0       0       0       0       0       0       0       0       0
      Locals:         1       0       0       0       0       0       0       0       0
      Temps:          0       0       0       0       0       0       0       0       0
      Totals:         1       0       0       0       0       0       0       0       0
Total ram usage:        1 bytes
 Hardware stack levels used:    1
 This function calls:
		Nothing
 This function is called by:
		_LowIsr
 This function uses a non-reentrant model


 *************** function _getADC *****************
 Defined at:
		line 18 in file "MyADC.c"
 Parameters:    Size  Location     Type
		None
 Auto vars:     Size  Location     Type
		None
 Return value:  Size  Location     Type
                  4    2[COMRAM] unsigned long 
 Registers used:
		wreg, status,2, cstack
 Tracked objects:
		On entry : 
		On exit  : 
		Unchanged: 
 Data sizes:     COMRAM   BANK0   BANK1   BANK2   BANK3   BANK4   BANK5   BANK6   BANK7
      Params:         4       0       0       0       0       0       0       0       0
      Locals:         0       0       0       0       0       0       0       0       0
      Temps:          0       0       0       0       0       0       0       0       0
      Totals:         4       0       0       0       0       0       0       0       0
Total ram usage:        4 bytes
 Hardware stack levels used:    1
 Hardware stack levels required when called:    1
 This function calls:
		_ReadADC
 This function is called by:
		_LowIsr
 This function uses a non-reentrant model


 *************** function _ReadADC *****************
 Defined at:
		line 25 in file "/opt/microchip/xc8/v1.21/sources/pic18/plib/ADC/adcread.c"
 Parameters:    Size  Location     Type
		None
 Auto vars:     Size  Location     Type
		None
 Return value:  Size  Location     Type
                  2    0[COMRAM] int 
 Registers used:
		wreg, status,2
 Tracked objects:
		On entry : 
		On exit  : 
		Unchanged: 
 Data sizes:     COMRAM   BANK0   BANK1   BANK2   BANK3   BANK4   BANK5   BANK6   BANK7
      Params:         2       0       0       0       0       0       0       0       0
      Locals:         0       0       0       0       0       0       0       0       0
      Temps:          0       0       0       0       0       0       0       0       0
      Totals:         2       0       0       0       0       0       0       0       0
Total ram usage:        2 bytes
 Hardware stack levels used:    1
 This function calls:
		Nothing
 This function is called by:
		_getADC
 This function uses a non-reentrant model



MODULE INFORMATION

Module		Function		Class		Link	Load	Size
MyControl.c
		_calcPID       		CODE           	150A	0000	752
		_controlador   		CODE           	1A26	0000	536

MyControl.c estimated size: 1288

/opt/microchip/xc8/v1.21/sources/pic18/plib/PWM/pw1open.c
		_OpenPWM1      		CODE           	2E86	0000	16

/opt/microchip/xc8/v1.21/sources/pic18/plib/PWM/pw1open.c estimated size: 16

/opt/microchip/xc8/v1.21/sources/common/itoa.c
		_itoa          		CODE           	2B76	0000	80
		_utoa          		CODE           	23EC	0000	218

/opt/microchip/xc8/v1.21/sources/common/itoa.c estimated size: 298

/opt/microchip/xc8/v1.21/sources/pic18/plib/ADC/adcopen.c
		_OpenADC       		CODE           	2918	0000	128

/opt/microchip/xc8/v1.21/sources/pic18/plib/ADC/adcopen.c estimated size: 128

/opt/microchip/xc8/v1.21/sources/common/isdigit.c
		_isdigit       		CODE           	2C4E	0000	62

/opt/microchip/xc8/v1.21/sources/common/isdigit.c estimated size: 62

/opt/microchip/xc8/v1.21/sources/common/lwmod.c
		___lwmod       		CODE           	280E	0000	138

/opt/microchip/xc8/v1.21/sources/common/lwmod.c estimated size: 138

/opt/microchip/xc8/v1.21/sources/common/lwdiv.c
		___lwdiv       		CODE           	259C	0000	170

/opt/microchip/xc8/v1.21/sources/common/lwdiv.c estimated size: 170

/opt/microchip/xc8/v1.21/sources/common/lmul.c
		___lmul        		CODE           	26E4	0000	156

/opt/microchip/xc8/v1.21/sources/common/lmul.c estimated size: 156

/opt/microchip/xc8/v1.21/sources/common/labs.c
		_labs          		CODE           	2B1E	0000	88

/opt/microchip/xc8/v1.21/sources/common/labs.c estimated size: 88

shared
		__stringdata   		SMALLCONST     	0800	0000	111
		i1_borrarBuffer		CODE           	2C0E	0000	64
		i1_ConvertADC  		CODE           	2EBE	0000	4
		__initializatio		CODE           	2780	0000	132
		i1_SetChanADC  		CODE           	2E4E	0000	20
		i1_reset_integr		CODE           	2D64	0000	50
		i1_comenzarADC 		CODE           	2E74	0000	18

shared estimated size: 399

/opt/microchip/xc8/v1.21/sources/pic18/plib/PWM/pw1setdc.c
		_SetDCPWM1     		CODE           	2BC6	0000	72

/opt/microchip/xc8/v1.21/sources/pic18/plib/PWM/pw1setdc.c estimated size: 72

/opt/microchip/xc8/v1.21/sources/pic18/plib/USART/uread.c
		_ReadUSART     		CODE           	2DE2	0000	30

/opt/microchip/xc8/v1.21/sources/pic18/plib/USART/uread.c estimated size: 30

/opt/microchip/xc8/v1.21/sources/pic18/plib/ADC/adcconv.c
		_ConvertADC    		CODE           	2EBA	0000	4

/opt/microchip/xc8/v1.21/sources/pic18/plib/ADC/adcconv.c estimated size: 4

main.c
		_parserRx      		CODE           	1036	0000	1236
		_reset_integral		CODE           	2D32	0000	50
		_main          		CODE           	17FA	0000	556
		_setActuador   		CODE           	2646	0000	158
		_LowIsr        		CODE           	0018	0000	706
		_borrarBufferRx		CODE           	2AC4	0000	90
		_accionDeContro		CODE           	20A0	0000	296

main.c estimated size: 3092

/opt/microchip/xc8/v1.21/sources/common/atoi.c
		_atoi          		CODE           	21C8	0000	282

/opt/microchip/xc8/v1.21/sources/common/atoi.c estimated size: 282

MyPWM.c
		_setDUTY       		CODE           	2E96	0000	14
		_ConfigPWM     		CODE           	2C8C	0000	60

MyPWM.c estimated size: 74

/opt/microchip/xc8/v1.21/sources/common/llmod.c
		___llmod       		CODE           	24C6	0000	214

/opt/microchip/xc8/v1.21/sources/common/llmod.c estimated size: 214

/opt/microchip/xc8/v1.21/sources/common/ltoa.c
		_ltoa          		CODE           	2998	0000	106
		_ultoa         		CODE           	1F50	0000	336

/opt/microchip/xc8/v1.21/sources/common/ltoa.c estimated size: 442

/opt/microchip/xc8/v1.21/sources/common/aldiv.c
		___aldiv       		CODE           	1C3E	0000	428

/opt/microchip/xc8/v1.21/sources/common/aldiv.c estimated size: 428

/opt/microchip/xc8/v1.21/sources/pic18/plib/ADC/adcsetch.c
		_SetChanADC    		CODE           	2E00	0000	28

/opt/microchip/xc8/v1.21/sources/pic18/plib/ADC/adcsetch.c estimated size: 28

/opt/microchip/xc8/v1.21/sources/common/lldiv.c
		___lldiv       		CODE           	22E2	0000	266

/opt/microchip/xc8/v1.21/sources/common/lldiv.c estimated size: 266

/opt/microchip/xc8/v1.21/sources/pic18/plib/ADC/adcread.c
		_ReadADC       		CODE           	2EA4	0000	10

/opt/microchip/xc8/v1.21/sources/pic18/plib/ADC/adcread.c estimated size: 10

/opt/microchip/xc8/v1.21/sources/common/atol.c
		_atol          		CODE           	1DEA	0000	358

/opt/microchip/xc8/v1.21/sources/common/atol.c estimated size: 358

MyADC.c
		_comenzarADC   		CODE           	2E1C	0000	26
		_getADC        		CODE           	2E36	0000	24
		_ConfigADC     		CODE           	2CC8	0000	54

MyADC.c estimated size: 104

/opt/microchip/xc8/v1.21/sources/pic18/plib/Timers/t1open.c
		_OpenTimer1    		CODE           	2CFE	0000	52

/opt/microchip/xc8/v1.21/sources/pic18/plib/Timers/t1open.c estimated size: 52

/opt/microchip/xc8/v1.21/sources/pic18/plib/USART/uopen.c
		_OpenUSART     		CODE           	2898	0000	128

/opt/microchip/xc8/v1.21/sources/pic18/plib/USART/uopen.c estimated size: 128

/opt/microchip/xc8/v1.21/sources/pic18/plib/Timers/t2open.c
		_OpenTimer2    		CODE           	2DC0	0000	34

/opt/microchip/xc8/v1.21/sources/pic18/plib/Timers/t2open.c estimated size: 34

/opt/microchip/xc8/v1.21/sources/common/wmul.c
		___wmul        		CODE           	2A02	0000	98

/opt/microchip/xc8/v1.21/sources/common/wmul.c estimated size: 98

MyUSART.c
		_sendStr       		CODE           	2A64	0000	96
		_ConfigUSART   		CODE           	2D96	0000	42
		_enviarEstadoCo		CODE           	0870	0000	1990

MyUSART.c estimated size: 2128

